 libxbee3

 Timestamp is 572e8720 (Sat May 07 17:24:00 2016)

 Preferred load address is 10000000

 Start         Length     Name                   Class
 0001:00000000 0001e89cH .text$mn                CODE
 0002:00000000 0000016cH .idata$5                DATA
 0002:0000016c 00000004H .CRT$XCA                DATA
 0002:00000170 00000004H .CRT$XCZ                DATA
 0002:00000174 00000004H .CRT$XIA                DATA
 0002:00000178 00000010H .CRT$XIC                DATA
 0002:00000188 00000004H .CRT$XIZ                DATA
 0002:0000018c 00000004H .CRT$XPA                DATA
 0002:00000190 00000008H .CRT$XPX                DATA
 0002:00000198 00000004H .CRT$XPXA               DATA
 0002:0000019c 00000004H .CRT$XPZ                DATA
 0002:000001a0 00000004H .CRT$XTA                DATA
 0002:000001a4 00000004H .CRT$XTZ                DATA
 0002:000001b0 000044e8H .rdata                  DATA
 0002:000046a0 0000000cH .rdata$sxdata           DATA
 0002:000046ac 00000004H .rtc$IAA                DATA
 0002:000046b0 00000000H .rtc$IMZ                DATA
 0002:000046b0 00000004H .rtc$IZZ                DATA
 0002:000046b4 00000004H .rtc$TAA                DATA
 0002:000046b8 00000000H .rtc$TMZ                DATA
 0002:000046b8 00000004H .rtc$TZZ                DATA
 0002:000046c0 00000414H .xdata$x                DATA
 0002:00004ae0 00000585H .edata                  DATA
 0002:00005068 00000014H .idata$2                DATA
 0002:0000507c 00000014H .idata$3                DATA
 0002:00005090 0000016cH .idata$4                DATA
 0002:000051fc 000006b0H .idata$6                DATA
 0003:00000000 00002998H .data                   DATA
 0003:000029a0 00001f88H .bss                    DATA
 0004:00000000 00000058H .rsrc$01                DATA
 0004:00000060 00000408H .rsrc$02                DATA

  Address         Publics by Value              Rva+Base       Lib:Object

 0000:00000000       ___guard_flags             00000000     <absolute>
 0000:00000000       ___guard_fids_count        00000000     <absolute>
 0000:00000000       __except_list              00000000     <absolute>
 0000:00000000       ___guard_fids_table        00000000     <absolute>
 0000:00000003       ___safe_se_handler_count   00000003     <absolute>
 0000:00000000       ___ImageBase               10000000     <linker-defined>
 0001:00000060       _xbee_conGetTypes          10001060 f   conn.o
 0001:00000240       _xbee_conNew               10001240 f   conn.o
 0001:00000270       _xbee_conValidate          10001270 f   conn.o
 0001:000002f0       _xbee_conGetXBee           100012f0 f   conn.o
 0001:00000340       _xbee_conTx                10001340 f   conn.o
 0001:000003c0       _xbee_convTx               100013c0 f   conn.o
 0001:000003f0       _xbee_connTx               100013f0 f   conn.o
 0001:00000420       _xbee_conxTx               10001420 f   conn.o
 0001:000004a0       _xbee_convxTx              100014a0 f   conn.o
 0001:00000500       _xbee_connxTx              10001500 f   conn.o
 0001:00000560       _xbee_conRx                10001560 f   conn.o
 0001:000006e0       _xbee_conRxWait            100016e0 f   conn.o
 0001:00000760       _xbee_conPurge             10001760 f   conn.o
 0001:00000870       _xbee_conSleepSet          10001870 f   conn.o
 0001:00000920       _xbee_conSleepGet          10001920 f   conn.o
 0001:000009b0       _xbee_conDataSet           100019b0 f   conn.o
 0001:00000a00       _xbee_conDataGet           10001a00 f   conn.o
 0001:00000a50       _xbee_conTypeGet           10001a50 f   conn.o
 0001:00000aa0       _xbee_conInfoGet           10001aa0 f   conn.o
 0001:00000af0       _xbee_conCallbackSet       10001af0 f   conn.o
 0001:00000b50       _xbee_conCallbackGet       10001b50 f   conn.o
 0001:00000ba0       _xbee_conSettings          10001ba0 f   conn.o
 0001:00000cc0       _xbee_conEnd               10001cc0 f   conn.o
 0001:00000d50       _xbee_conAlloc             10001d50 f   conn.o
 0001:00000e40       _xbee_conFree              10001e40 f   conn.o
 0001:00000fa0       _xbee_conWake              10001fa0 f   conn.o
 0001:00001100       __xbee_conNew              10002100 f   conn.o
 0001:000014b0       _xbee_conLink              100024b0 f   conn.o
 0001:00001640       _xbee_conUnlink            10002640 f   conn.o
 0001:000016f0       _xbee_conLogAddress        100026f0 f   conn.o
 0001:00001a00       _xbee_conAddressPrepDefault 10002a00 f   conn.o
 0001:00001b10       _xbee_conAddressCmpDefault 10002b10 f   conn.o
 0001:00001d80       _xbee_conLocate            10002d80 f   conn.o
 0001:00001db0       __xbee_conLocate           10002db0 f   conn.o
 0001:00001fb0       _xbee_conLinkPacket        10002fb0 f   conn.o
 0001:00002020       _xbee_conCallbackProd      10003020 f   conn.o
 0001:00002240       __xbee_connxTx             10003240 f   conn.o
 0001:000025b0       __xbee_convxTx             100035b0 f   conn.o
 0001:000026a0       _xbee_conCallbackHandler   100036a0 f   conn.o
 0001:00002870       _xbee_errorToStr           10003870 f   error.o
 0001:00002ac0       _xbee_frameBlockAlloc      10003ac0 f   frame.o
 0001:00002bb0       _xbee_frameBlockFree       10003bb0 f   frame.o
 0001:00002c30       _xbee_frameGetFreeID       10003c30 f   frame.o
 0001:00002d60       _xbee_frameWait            10003d60 f   frame.o
 0001:00002f40       _xbee_framePost            10003f40 f   frame.o
 0001:00003100       _xbee_ll_init              10004100 f   ll.o
 0001:00003160       _xbee_ll_destroy           10004160 f   ll.o
 0001:00003200       _xbee_ll_alloc             10004200 f   ll.o
 0001:00003260       _xbee_ll_free              10004260 f   ll.o
 0001:00003290       _xbee_ll_lock              10004290 f   ll.o
 0001:00003300       _xbee_ll_unlock            10004300 f   ll.o
 0001:00003370       __xbee_ll_add_head         10004370 f   ll.o
 0001:000034a0       __xbee_ll_add_tail         100044a0 f   ll.o
 0001:000035e0       __xbee_ll_add_after        100045e0 f   ll.o
 0001:00003750       __xbee_ll_add_before       10004750 f   ll.o
 0001:000038c0       __xbee_ll_get_head         100048c0 f   ll.o
 0001:00003990       __xbee_ll_get_tail         10004990 f   ll.o
 0001:00003a60       __xbee_ll_get_item         10004a60 f   ll.o
 0001:00003a90       __xbee_ll_get_next         10004a90 f   ll.o
 0001:00003be0       __xbee_ll_get_prev         10004be0 f   ll.o
 0001:00003d30       __xbee_ll_get_index        10004d30 f   ll.o
 0001:00003e30       __xbee_ll_ext_head         10004e30 f   ll.o
 0001:00003f40       __xbee_ll_ext_tail         10004f40 f   ll.o
 0001:00004050       __xbee_ll_ext_item         10005050 f   ll.o
 0001:00004190       __xbee_ll_ext_index        10005190 f   ll.o
 0001:000042e0       __xbee_ll_modify_item      100052e0 f   ll.o
 0001:000043d0       __xbee_ll_count_items      100053d0 f   ll.o
 0001:000044a0       _xbee_ll_combine           100054a0 f   ll.o
 0001:00004610       ___xbee_ll_get_item        10005610 f   ll.o
 0001:00004b80       _xbee_logTargetSet         10005b80 f   log.o
 0001:00004c30       _xbee_logTargetGet         10005c30 f   log.o
 0001:00004c80       _xbee_logLevelSet          10005c80 f   log.o
 0001:00004d20       _xbee_logLevelGet          10005d20 f   log.o
 0001:00004d70       _xbee_logAlloc             10005d70 f   log.o
 0001:00004e00       _xbee_logFree              10005e00 f   log.o
 0001:00004e40       __xbee_log                 10005e40 f   log.o
 0001:00004f00       __xbee_logData             10005f00 f   log.o
 0001:00005180       __xbee_logWrite            10006180 f   log.o
 0001:000053a0       __xbee_logDev              100063a0 f   log.o
 0001:00005470       _xbee_modeGetList          10006470 f   mode.o
 0001:000055f0       _xbee_modeGet              100065f0 f   mode.o
 0001:00005640       _xbee_modeRetrieve         10006640 f   mode.o
 0001:00005720       _xbee_modeImport           10006720 f   mode.o
 0001:000058b0       _xbee_modeAddConType       100068b0 f   mode.o
 0001:000059f0       _xbee_modeCleanup          100069f0 f   mode.o
 0001:00005b10       _xbee_modeLocateConType    10006b10 f   mode.o
 0001:00006050       _xbee_mutex_lock           10007050 f   mutex.o
 0001:000060d0       _xbee_mutex_trylock        100070d0 f   mutex.o
 0001:00006150       _xbee_mutex_unlock         10007150 f   mutex.o
 0001:00006220       _xbee_netStart             10007220 f   net.o
 0001:00006230       _xbee_netvStart            10007230 f   net.o
 0001:00006240       _xbee_netStop              10007240 f   net.o
 0001:00006250       _xbee_netClientShutdown    10007250 f   net.o
 0001:00006260       _xbee_pktFree              10007260 f   pkt.o
 0001:000062a0       _xbee_pktValidate          100072a0 f   pkt.o
 0001:000062d0       _xbee_pktDataGet           100072d0 f   pkt.o
 0001:00006410       _xbee_pktAnalogGet         10007410 f   pkt.o
 0001:000064d0       _xbee_pktDigitalGet        100074d0 f   pkt.o
 0001:000065b0       _xbee_pktAlloc             100075b0 f   pkt.o
 0001:000066b0       _xbee_pktLink              100076b0 f   pkt.o
 0001:00006770       _xbee_pktUnlink            10007770 f   pkt.o
 0001:00006790       __xbee_pktUnlink           10007790 f   pkt.o
 0001:00006820       _xbee_pktDataKeyAdd        10007820 f   pkt.o
 0001:000069a0       _xbee_pktDataKeyGet        100079a0 f   pkt.o
 0001:00006ab0       _xbee_pktDataAdd           10007ab0 f   pkt.o
 0001:00006b90       _xbee_pktAnalogAdd         10007b90 f   pkt.o
 0001:00006bf0       _xbee_pktDigitalAdd        10007bf0 f   pkt.o
 0001:000073a0       _xbee_init                 100083a0 f   prepare.o
 0001:00007530       _xbee_fini                 10008530 f   prepare.o
 0001:00007650       _xbee_rxAlloc              10008650 f   rx.o
 0001:00007730       _xbee_rxFree               10008730 f   rx.o
 0001:00007790       _xbee_rx                   10008790 f   rx.o
 0001:00007960       _xbee_rxHandler            10008960 f   rx.o
 0001:00008940       __xbee_threadStart         10009940 f   thread.o
 0001:00008a90       _xbee_threadKillThis       10009a90 f   thread.o
 0001:00008ab0       _xbee_threadKill           10009ab0 f   thread.o
 0001:00008b40       _xbee_threadJoin           10009b40 f   thread.o
 0001:00008cb0       _xbee_threadKillJoin       10009cb0 f   thread.o
 0001:00008d50       _xbee_threadRelease        10009d50 f   thread.o
 0001:00008dc0       _xbee_threadStopRelease    10009dc0 f   thread.o
 0001:00008e30       _xbee_threadKillRelease    10009e30 f   thread.o
 0001:00008ee0       _xbee_threadDestroyMine    10009ee0 f   thread.o
 0001:00008ff0       _xbee_threadValidate       10009ff0 f   thread.o
 0001:00009040       _threadFunc                1000a040 f   thread.o
 0001:00009340       _xbee_txAlloc              1000a340 f   tx.o
 0001:00009420       _xbee_txFree               1000a420 f   tx.o
 0001:00009480       _xbee_tx                   1000a480 f   tx.o
 0001:00009600       _xbee_txQueueBuffer        1000a600 f   tx.o
 0001:00009690       _xbee_txHandler            1000a690 f   tx.o
 0001:00009da0       _xbee_freeMemory           1000ada0 f   xbee.o
 0001:00009dc0       _xbee_validate             1000adc0 f   xbee.o
 0001:00009df0       _xbee_setup                1000adf0 f   xbee.o
 0001:00009e40       _xbee_vsetup               1000ae40 f   xbee.o
 0001:0000a0e0       _xbee_attachEOFCallback    1000b0e0 f   xbee.o
 0001:0000a140       _xbee_shutdown             1000b140 f   xbee.o
 0001:0000a1b0       _xbee_dataSet              1000b1b0 f   xbee.o
 0001:0000a200       _xbee_dataGet              1000b200 f   xbee.o
 0001:0000a250       _xbee_alloc                1000b250 f   xbee.o
 0001:0000a410       _xbee_free                 1000b410 f   xbee.o
 0001:0000a570       _xbee_shutdownThread       1000b570 f   xbee.o
 0001:0000a5a0       _xsys_serialSetup          1000b5a0 f   xsys.o
 0001:0000a7a0       _xsys_serialShutdown       1000b7a0 f   xsys.o
 0001:0000a7f0       _xsys_serialRead           1000b7f0 f   xsys.o
 0001:0000a910       _xsys_serialWrite          1000b910 f   xsys.o
 0001:0000a9e0       _DllCanUnloadNow@0         1000b9e0 f   xsys.o
 0001:0000aa10       _xsys_sem_timedwait        1000ba10 f   xsys.o
 0001:0000ab70       _xsys_sem_getvalue         1000bb70 f   xsys.o
 0001:0000ac90       _DllMain@12                1000bc90 f   xsys.o
 0001:0000ad00       _clock_gettime             1000bd00 f   xsys.o
 0001:0000aef0       _getFILETIMEoffset         1000bef0 f   xsys.o
 0001:0000aff0       _xbee_serialSetup          1000bff0 f   xsys.o
 0001:0000b000       _xbee_xbeeRxIo             1000c000 f   modes_common.o
 0001:0000b400       _xbee_xbeeTxIo             1000c400 f   modes_common.o
 0001:0000b6f0       _xbee_s5_at_rx_func        1000c6f0 f   modes_xbee5_at.o
 0001:0000b8f0       _xbee_s5_at_rx_funcPost    1000c8f0 f   modes_xbee5_at.o
 0001:0000b940       _xbee_s5_at_tx_func        1000c940 f   modes_xbee5_at.o
 0001:0000bb50       _xbee_s5_localAt_init      1000cb50 f   modes_xbee5_at.o
 0001:0000bbe0       _xbee_s5_remoteAt_init     1000cbe0 f   modes_xbee5_at.o
 0001:0000bc70       _xbee_s5_data_rx_func      1000cc70 f   modes_xbee5_data.o
 0001:0000bdc0       _xbee_s5_data_tx_func      1000cdc0 f   modes_xbee5_data.o
 0001:0000c050       _xbee_s5_data_init         1000d050 f   modes_xbee5_data.o
 0001:0000c0b0       _xbee_s5_dataExp_rx_func   1000d0b0 f   modes_xbee5_dataExp.o
 0001:0000c2b0       _xbee_s5_dataExp_tx_func   1000d2b0 f   modes_xbee5_dataExp.o
 0001:0000c690       _xbee_s5_dataExp_init      1000d690 f   modes_xbee5_dataExp.o
 0001:0000c6f0       _xbee_s5_identify_rx_func  1000d6f0 f   modes_xbee5_identify.o
 0001:0000c8f0       _xbee_s5_identify_init     1000d8f0 f   modes_xbee5_identify.o
 0001:0000c930       _xbee_s5_io_parseInputs    1000d930 f   modes_xbee5_io.o
 0001:0000cd70       _xbee_s5_transmitStatus_rx_func 1000dd70 f   modes_xbee5_mode.o
 0001:0000ceb0       _xbee_s5_transmitStatus_init 1000deb0 f   modes_xbee5_mode.o
 0001:0000cef0       _xbee_s5_modemStatus_rx_func 1000def0 f   modes_xbee5_mode.o
 0001:0000cfe0       _xbee_s5_modemStatus_init  1000dfe0 f   modes_xbee5_mode.o
 0001:0000d020       ___doserrno                1000e020 f   LIBCMT:dosmap.obj
 0001:0000d033       __dosmaperr                1000e033 f   LIBCMT:dosmap.obj
 0001:0000d054       __errno                    1000e054 f   LIBCMT:dosmap.obj
 0001:0000d067       __get_errno_from_oserr     1000e067 f   LIBCMT:dosmap.obj
 0001:0000d0a8       _free                      1000e0a8 f   LIBCMT:free.obj
 0001:0000d0e0       _malloc                    1000e0e0 f   LIBCMT:malloc.obj
 0001:0000d172       _memcmp                    1000e172 f   LIBCMT:memcmp.obj
 0001:0000e8f0       _memcpy                    1000f8f0 f   LIBCMT:memcpy.obj
 0001:0000ef40       _memset                    1000ff40 f   LIBCMT:memset.obj
 0001:0000efd0       _strcpy                    1000ffd0 f   LIBCMT:strcat.obj
 0001:0000efe0       _strcat                    1000ffe0 f   LIBCMT:strcat.obj
 0001:0000f0d0       _strlen                    100100d0 f   LIBCMT:strlen.obj
 0001:0000f15b       @_RTC_CheckStackVars@8     1001015b f   LIBCMT:stack.obj
 0001:0000f1b3       __RTC_CheckEsp             100101b3 f   LIBCMT:stack.obj
 0001:0000f1d6       @__security_check_cookie@4 100101d6 f   LIBCMT:secchk.obj
 0001:0000f1e5       _calloc                    100101e5 f   LIBCMT:calloc.obj
 0001:0000f225       ___raise_securityfailure   10010225 f   LIBCMT:gs_report.obj
 0001:0000f262       ___report_gsfailure        10010262 f   LIBCMT:gs_report.obj
 0001:0000f35d       ___report_rangecheckfailure 1001035d f   LIBCMT:gs_report.obj
 0001:0000f369       ___report_securityfailure  10010369 f   LIBCMT:gs_report.obj
 0001:0000f439       __fflush_nolock            10010439 f   LIBCMT:fflush.obj
 0001:0000f47f       __flush                    1001047f f   LIBCMT:fflush.obj
 0001:0000f4e3       __flushall                 100104e3 f   LIBCMT:fflush.obj
 0001:0000f4ec       _fflush                    100104ec f   LIBCMT:fflush.obj
 0001:0000f629       __fileno                   10010629 f   LIBCMT:fileno.obj
 0001:0000f64d       _fprintf                   1001064d f   LIBCMT:fprintf.obj
 0001:0000f75f       __snprintf                 1001075f f   LIBCMT:snprintf.obj
 0001:0000f80b       _abort                     1001080b f   LIBCMT:abort.obj
 0001:0000f850       _strncpy                   10010850 f   LIBCMT:strncpy.obj
 0001:0000f980       _longjmp                   10010980 f   LIBCMT:longjmp.obj
 0001:0000fa31       __beginthreadex            10010a31 f   LIBCMT:threadex.obj
 0001:0000fb0b       __endthreadex              10010b0b f   LIBCMT:threadex.obj
 0001:0000fc60       __setjmp3                  10010c60 f   LIBCMT:setjmp3.obj
 0001:0000fcdb       _realloc                   10010cdb f   LIBCMT:realloc.obj
 0001:0000fd86       ??0_LocaleUpdate@@QAE@PAUlocaleinfo_struct@@@Z 10010d86 f i LIBCMT:stricmp.obj
 0001:0000fe0e       ___ascii_stricmp           10010e0e f   LIBCMT:stricmp.obj
 0001:0000fe47       __stricmp                  10010e47 f   LIBCMT:stricmp.obj
 0001:0000fe8e       __stricmp_l                10010e8e f   LIBCMT:stricmp.obj
 0001:0000ff23       __strnicmp                 10010f23 f   LIBCMT:strnicmp.obj
 0001:0000ff8e       __strnicmp_l               10010f8e f   LIBCMT:strnicmp.obj
 0001:0001003f       ___initstdio               1001103f f   LIBCMT:_file.obj
 0001:000100b2       ___endstdio                100110b2 f   LIBCMT:_file.obj
 0001:000100d9       ___iob_func                100110d9 f   LIBCMT:_file.obj
 0001:000100df       __lock_file                100110df f   LIBCMT:_file.obj
 0001:0001011e       __lock_file2               1001111e f   LIBCMT:_file.obj
 0001:0001014e       __unlock_file              1001114e f   LIBCMT:_file.obj
 0001:00010188       __unlock_file2             10011188 f   LIBCMT:_file.obj
 0001:000101b5       __time64                   100111b5 f   LIBCMT:time64.obj
 0001:00010210       _strcmp                    10011210 f   LIBCMT:strcmp.obj
 0001:000102a0       __alldiv                   100112a0 f   LIBCMT:lldiv.obj
 0001:0001034a       _sscanf                    1001134a f   LIBCMT:sscanf.obj
 0001:000103db       __getenv_helper_nolock     100113db f   LIBCMT:getenv.obj
 0001:0001045f       _getenv                    1001145f f   LIBCMT:getenv.obj
 0001:000104e0       __allmul                   100114e0 f   LIBCMT:llmul.obj
 0001:00010520       __allrem                   10011520 f   LIBCMT:llrem.obj
 0001:000105e0       __allshl                   100115e0 f   LIBCMT:llshl.obj
 0001:00010600       __ftoui3                   10011600 f   LIBCMT:ftol3.obj
 0001:0001060f       __ftoul3                   1001160f f   LIBCMT:ftol3.obj
 0001:0001061e       __ftol3                    1001161e f   LIBCMT:ftol3.obj
 0001:0001062b       __ftol3_NaN                1001162b f   LIBCMT:ftol3.obj
 0001:00010643       __ftol3_work               10011643 f   LIBCMT:ftol3.obj
 0001:000106c9       __ftol3_common             100116c9 f   LIBCMT:ftol3.obj
 0001:0001078b       __ftol3_arg_error          1001178b f   LIBCMT:ftol3.obj
 0001:0001079d       __ftol3_except             1001179d f   LIBCMT:ftol3.obj
 0001:000107df       __dtoui3                   100117df f   LIBCMT:ftol3.obj
 0001:000107ee       __dtoul3                   100117ee f   LIBCMT:ftol3.obj
 0001:000107fd       __dtol3                    100117fd f   LIBCMT:ftol3.obj
 0001:0001080a       __dtol3_NaN                1001180a f   LIBCMT:ftol3.obj
 0001:00010827       __dtol3_work               10011827 f   LIBCMT:ftol3.obj
 0001:0001090c       __ultod3                   1001190c f   LIBCMT:ftol3.obj
 0001:0001099d       __ltod3                    1001199d f   LIBCMT:ftol3.obj
 0001:000109cb       __fpmath                   100119cb f   LIBCMT:fpinit.obj
 0001:000109e2       __cfltcvt_init             100119e2 f   LIBCMT:fpinit.obj
 0001:00010a42       __CRT_INIT@12              10011a42 f   LIBCMT:dllcrt0.obj
 0001:00010bb4       __DllMainCRTStartup@12     10011bb4 f   LIBCMT:dllcrt0.obj
 0001:00010ce5       ___DllXcptFilter           10011ce5 f   LIBCMT:dllcrt0.obj
 0001:00010d0a       _vsnprintf                 10011d0a f   LIBCMT:vsnprint.obj
 0001:00010d0a       __vsnprintf                10011d0a f   LIBCMT:vsnprint.obj
 0001:00010d25       __vsnprintf_l              10011d25 f   LIBCMT:vsnprint.obj
 0001:00010dd1       __call_reportfault         10011dd1 f   LIBCMT:invarg.obj
 0001:00010ef6       __initp_misc_invarg        10011ef6 f   LIBCMT:invarg.obj
 0001:00010f03       __invalid_parameter        10011f03 f   LIBCMT:invarg.obj
 0001:00010f2e       __invalid_parameter_noinfo 10011f2e f   LIBCMT:invarg.obj
 0001:00010f3e       __invoke_watson            10011f3e f   LIBCMT:invarg.obj
 0001:00010f69       ___get_flsindex            10011f69 f   LIBCMT:tidtable.obj
 0001:00010f6f       __freefls@4                10011f6f f   LIBCMT:tidtable.obj
 0001:000110a4       __freeptd                  100120a4 f   LIBCMT:tidtable.obj
 0001:000110da       __getptd                   100120da f   LIBCMT:tidtable.obj
 0001:000110f2       __getptd_noexit            100120f2 f   LIBCMT:tidtable.obj
 0001:00011161       __initptd                  10012161 f   LIBCMT:tidtable.obj
 0001:00011214       __mtinit                   10012214 f   LIBCMT:tidtable.obj
 0001:0001128a       __mtterm                   1001228a f   LIBCMT:tidtable.obj
 0001:000112a7       __heap_init                100122a7 f   LIBCMT:heapinit.obj
 0001:000112bc       __heap_term                100122bc f   LIBCMT:heapinit.obj
 0001:000112c4       __callnewh                 100122c4 f   LIBCMT:handler.obj
 0001:000112ea       __initp_heap_handler       100122ea f   LIBCMT:handler.obj
 0001:000112f7       ___crtCorExitProcess       100122f7 f   LIBCMT:crt0dat.obj
 0001:0001132b       ___crtExitProcess          1001232b f   LIBCMT:crt0dat.obj
 0001:00011341       ___freeCrtMemory           10012341 f   LIBCMT:crt0dat.obj
 0001:0001144e       __amsg_exit                1001244e f   LIBCMT:crt0dat.obj
 0001:0001146a       __cexit                    1001246a f   LIBCMT:crt0dat.obj
 0001:00011479       __cinit                    10012479 f   LIBCMT:crt0dat.obj
 0001:000114fd       __exit                     100124fd f   LIBCMT:crt0dat.obj
 0001:00011511       __init_pointers            10012511 f   LIBCMT:crt0dat.obj
 0001:0001157f       __initterm_e               1001257f f   LIBCMT:crt0dat.obj
 0001:000115a1       __lockexit                 100125a1 f   LIBCMT:crt0dat.obj
 0001:000115aa       __unlockexit               100125aa f   LIBCMT:crt0dat.obj
 0001:000116e2       __FF_MSGBANNER             100126e2 f   LIBCMT:crt0msg.obj
 0001:0001171b       __GET_RTERRMSG             1001271b f   LIBCMT:crt0msg.obj
 0001:0001173f       __NMSG_WRITE               1001273f f   LIBCMT:crt0msg.obj
 0001:000118fc       ___isa_available_init      100128fc f   LIBCMT:cpu_disp.obj
 0001:00011a75       __VEC_memset               10012a75 f   LIBCMT:p4_memset.obj
 0001:00011c13       ?_RTC_Failure@@YAXPAXH@Z   10012c13 f   LIBCMT:error.obj
 0001:00011c4f       ?_RTC_StackFailure@@YAXPAXPBD@Z 10012c4f f   LIBCMT:error.obj
 0001:00011f25       ?_RTC_GetErrorFunc@@YAP6AHHPBDH00ZZPBX@Z 10012f25 f   LIBCMT:userapi.obj
 0001:00011f2b       ?_RTC_GetErrorFuncW@@YAP6AHHPB_WH00ZZPBX@Z 10012f2b f   LIBCMT:userapi.obj
 0001:00011f31       __calloc_impl              10012f31 f   LIBCMT:calloc_impl.obj
 0001:00011fab       __crt_debugger_hook        10012fab f   LIBCMT:dbghook.obj
 0001:00011fb3       ___crtFlsAlloc             10012fb3 f   LIBCMT:winapisupp.obj
 0001:00011fd1       ___crtFlsFree              10012fd1 f   LIBCMT:winapisupp.obj
 0001:00011ff0       ___crtFlsGetValue          10012ff0 f   LIBCMT:winapisupp.obj
 0001:0001200f       ___crtFlsSetValue          1001300f f   LIBCMT:winapisupp.obj
 0001:00012031       ___crtInitializeCriticalSectionEx 10013031 f   LIBCMT:winapisupp.obj
 0001:0001205f       ___crtIsPackagedApp        1001305f f   LIBCMT:winapisupp.obj
 0001:0001209f       ___crtLoadWinApiPointers   1001309f f   LIBCMT:winapisupp.obj
 0001:0001232a       ___crtSleep                1001332a f   LIBCMT:winapisupp.obj
 0001:00012338       ___crtTerminateProcess     10013338 f   LIBCMT:winapisupp.obj
 0001:0001234d       ___crtUnhandledException   1001334d f   LIBCMT:winapisupp.obj
 0001:00012363       __commit                   10013363 f   LIBCMT:commit.obj
 0001:0001244c       __write                    1001344c f   LIBCMT:write.obj
 0001:0001253b       __write_nolock             1001353b f   LIBCMT:write.obj
 0001:00012da0       __lock                     10013da0 f   LIBCMT:mlock.obj
 0001:00012dd4       __mtdeletelocks            10013dd4 f   LIBCMT:mlock.obj
 0001:00012e28       __mtinitlocknum            10013e28 f   LIBCMT:mlock.obj
 0001:00012ed1       __mtinitlocks              10013ed1 f   LIBCMT:mlock.obj
 0001:00012f0a       __unlock                   10013f0a f   LIBCMT:mlock.obj
 0001:00012f20       __SEH_prolog4              10013f20 f   LIBCMT:sehprolg4.obj
 0001:00012f65       __SEH_epilog4              10013f65 f   LIBCMT:sehprolg4.obj
 0001:00012f80       __except_handler4          10013f80 f   LIBCMT:chandler4.obj
 0001:00013114       __ftbuf                    10014114 f   LIBCMT:_sftbuf.obj
 0001:00013145       __stbuf                    10014145 f   LIBCMT:_sftbuf.obj
 0001:000131eb       __output_l                 100141eb f   LIBCMT:output.obj
 0001:00013e57       __ioinit                   10014e57 f   LIBCMT:ioinit.obj
 0001:0001410b       __ioterm                   1001510b f   LIBCMT:ioinit.obj
 0001:0001415d       __flsbuf                   1001515d f   LIBCMT:_flsbuf.obj
 0001:000142ac       ___get_sigabrt             100152ac f   LIBCMT:winsig.obj
 0001:000142b9       __initp_misc_winsig        100152b9 f   LIBCMT:winsig.obj
 0001:000142d5       _raise                     100152d5 f   LIBCMT:winsig.obj
 0001:000144d0       __global_unwind2           100154d0 f   LIBCMT:exsup.obj
 0001:00014535       __local_unwind2            10015535 f   LIBCMT:exsup.obj
 0001:000145b9       __abnormal_termination     100155b9 f   LIBCMT:exsup.obj
 0001:000145dc       __NLG_Notify1              100155dc f   LIBCMT:exsup.obj
 0001:000145e5       __NLG_Notify               100155e5 f   LIBCMT:exsup.obj
 0001:000145fc       __NLG_Dispatch             100155fc     LIBCMT:exsup.obj
 0001:000145fc       __NLG_Dispatch2            100155fc     LIBCMT:exsup.obj
 0001:00014604       __NLG_Call                 10015604 f   LIBCMT:exsup.obj
 0001:00014606       __NLG_Return2              10015606     LIBCMT:exsup.obj
 0001:00014607       __rt_probe_read4@4         10015607 f   LIBCMT:sehsupp.obj
 0001:0001464b       __XcptFilter               1001564b f   LIBCMT:winxfltr.obj
 0001:000147a6       ___CppXcptFilter           100157a6 f   LIBCMT:winxfltr.obj
 0001:000147c4       __calloc_crt               100157c4 f   LIBCMT:crtheap.obj
 0001:0001480c       __malloc_crt               1001580c f   LIBCMT:crtheap.obj
 0001:00014853       __realloc_crt              10015853 f   LIBCMT:crtheap.obj
 0001:0001489d       __recalloc_crt             1001589d f   LIBCMT:crtheap.obj
 0001:000148eb       ___addlocaleref            100158eb f   LIBCMT:localref.obj
 0001:00014980       ___freetlocinfo            10015980 f   LIBCMT:localref.obj
 0001:00014ada       ___removelocaleref         10015ada f   LIBCMT:localref.obj
 0001:00014b7a       ___updatetlocinfo          10015b7a f   LIBCMT:localref.obj
 0001:00014bfa       __updatetlocinfoEx_nolock  10015bfa f   LIBCMT:localref.obj
 0001:00014c45       ___initmbctable            10015c45 f   LIBCMT:mbctype.obj
 0001:00014efc       ___updatetmbcinfo          10015efc f   LIBCMT:mbctype.obj
 0001:00014fa2       __setmbcp                  10015fa2 f   LIBCMT:mbctype.obj
 0001:0001514a       __setmbcp_nolock           1001614a f   LIBCMT:mbctype.obj
 0001:00015335       __tolower_l                10016335 f   LIBCMT:tolower.obj
 0001:00015478       _tolower                   10016478 f   LIBCMT:tolower.obj
 0001:000154a4       __locterm                  100164a4 f   LIBCMT:wsetloca.obj
 0001:00015500       ___ascii_strnicmp          10016500 f   LIBCMT:_strnicm.obj
 0001:00015561       __fcloseall                10016561 f   LIBCMT:closeall.obj
 0001:00015600       __aulldiv                  10016600 f   LIBCMT:ulldiv.obj
 0001:0001570a       __input_l                  1001670a f   LIBCMT:input.obj
 0001:00016887       _strcpy_s                  10017887 f   LIBCMT:strcpy_s.obj
 0001:000168dc       _strnlen                   100178dc f   LIBCMT:strlen_s.obj
 0001:000168f7       ___wtomb_environ           100178f7 f   LIBCMT:wtombenv.obj
 0001:00016986       __mbsnbicoll               10017986 f   LIBCMT:mbsnbico.obj
 0001:0001699e       __mbsnbicoll_l             1001799e f   LIBCMT:mbsnbico.obj
 0001:00016a54       __errcode                  10017a54 f   LIBCMT:fpexcept.obj
 0001:00016a86       __except1                  10017a86 f   LIBCMT:fpexcept.obj
 0001:00016b4e       __handle_exc               10017b4e f   LIBCMT:fpexcept.obj
 0001:00016d2c       __raise_exc_ex             10017d2c f   LIBCMT:fpexcept.obj
 0001:00017011       __set_errno_from_matherr   10018011 f   LIBCMT:fpexcept.obj
 0001:0001703e       __umatherr                 1001803e f   LIBCMT:fpexcept.obj
 0001:000170de       __cfltcvt                  100180de f   LIBCMT:cvt.obj
 0001:000170ff       __cfltcvt_l                100180ff f   LIBCMT:cvt.obj
 0001:00017185       __cftoa_l                  10018185 f   LIBCMT:cvt.obj
 0001:000174e1       __cftoe                    100184e1 f   LIBCMT:cvt.obj
 0001:00017650       __cftoe_l                  10018650 f   LIBCMT:cvt.obj
 0001:0001780a       __cftof_l                  1001880a f   LIBCMT:cvt.obj
 0001:000178cb       __cftog_l                  100188cb f   LIBCMT:cvt.obj
 0001:000179ca       __cropzeros                100189ca f   LIBCMT:cvt.obj
 0001:000179db       __cropzeros_l              100189db f   LIBCMT:cvt.obj
 0001:00017a5b       __fassign                  10018a5b f   LIBCMT:cvt.obj
 0001:00017a73       __fassign_l                10018a73 f   LIBCMT:cvt.obj
 0001:00017ab5       __forcdecpt                10018ab5 f   LIBCMT:cvt.obj
 0001:00017ac6       __forcdecpt_l              10018ac6 f   LIBCMT:cvt.obj
 0001:00017b3a       __positive                 10018b3a f   LIBCMT:cvt.obj
 0001:00017b7c       __setdefaultprecision      10018b7c f   LIBCMT:fp8.obj
 0001:00017ba3       __initp_misc_cfltcvt_tab   10018ba3 f   LIBCMT:cmiscdat.obj
 0001:00017bc2       __setargv                  10018bc2 f   LIBCMT:stdargv.obj
 0001:00017df1       __setenvp                  10018df1 f   LIBCMT:stdenvp.obj
 0001:00017ed2       ___security_init_cookie    10018ed2 f   LIBCMT:gs_support.obj
 0001:00017f6e       ___crtGetEnvironmentStringsA 10018f6e f   LIBCMT:a_env.obj
 0001:00017ffd       __RTC_Initialize           10018ffd f   LIBCMT:initsect.obj
 0001:0001801d       __RTC_Terminate            1001901d f   LIBCMT:initsect.obj
 0001:00018040       __FindPESection            10019040 f   LIBCMT:pesect.obj
 0001:00018090       __IsNonwritableInCurrentImage 10019090 f   LIBCMT:pesect.obj
 0001:00018150       __ValidateImageBase        10019150 f   LIBCMT:pesect.obj
 0001:00018181       ___onexitinit              10019181 f   LIBCMT:onexit.obj
 0001:000181b0       __onexit                   100191b0 f   LIBCMT:onexit.obj
 0001:000182ac       _atexit                    100192ac f   LIBCMT:onexit.obj
 0001:000182c1       ?terminate@@YAXXZ          100192c1 f   LIBCMT:hooks.obj
 0001:000182f5       __initp_eh_hooks           100192f5 f   LIBCMT:hooks.obj
 0001:00018306       __initp_misc_purevirt      10019306 f   LIBCMT:inithelp.obj
 0001:00018313       __initp_misc_rand_s        10019313 f   LIBCMT:rand_s.obj
 0001:00018320       _wcscat_s                  10019320 f   LIBCMT:wcscat_s.obj
 0001:0001838c       _wcscpy_s                  1001938c f   LIBCMT:wcscpy_s.obj
 0001:000183e8       _wcslen                    100193e8 f   LIBCMT:wcslen.obj
 0001:00018401       _wcsncpy_s                 10019401 f   LIBCMT:wcsncpy_s.obj
 0001:000184bf       __set_error_mode           100194bf f   LIBCMT:errmode.obj
 0001:000184ff       ___crtMessageBoxW          100194ff f   LIBCMT:crtmboxw.obj
 0001:000188aa       ?_RTC_GetSrcLine@@YAHPAEPA_WKPAH1K@Z 100198aa f   LIBCMT:pdblkup.obj
 0001:00018b31       ___lock_fhandle            10019b31 f   LIBCMT:osfinfo.obj
 0001:00018bbf       __free_osfhnd              10019bbf f   LIBCMT:osfinfo.obj
 0001:00018c45       __get_osfhandle            10019c45 f   LIBCMT:osfinfo.obj
 0001:00018cac       __unlock_fhandle           10019cac f   LIBCMT:osfinfo.obj
 0001:00018cd2       __isleadbyte_l             10019cd2 f i LIBCMT:_wctype.obj
 0001:00018d0c       _isleadbyte                10019d0c f i LIBCMT:_wctype.obj
 0001:00018d1d       __isatty                   10019d1d f   LIBCMT:isatty.obj
 0001:00018d71       __lseeki64                 10019d71 f   LIBCMT:lseeki64.obj
 0001:00018e6d       __lseeki64_nolock          10019e6d f   LIBCMT:lseeki64.obj
 0001:00018ee0       __mbtowc_l                 10019ee0 f   LIBCMT:mbtowc.obj
 0001:00018fd5       _mbtowc                    10019fd5 f   LIBCMT:mbtowc.obj
 0001:00018fed       __putwch_nolock            10019fed f   LIBCMT:putwch.obj
 0001:00019030       __alloca_probe             1001a030 f   LIBCMT:chkstk.obj
 0001:00019030       __chkstk                   1001a030 f   LIBCMT:chkstk.obj
 0001:00019060       __local_unwind4            1001a060 f   LIBCMT:exsup4.obj
 0001:00019136       __seh_longjmp_unwind4@4    1001a136 f   LIBCMT:exsup4.obj
 0001:00019152       @_EH4_CallFilterFunc@8     1001a152 f   LIBCMT:exsup4.obj
 0001:00019169       @_EH4_TransferToHandler@8  1001a169 f   LIBCMT:exsup4.obj
 0001:00019182       @_EH4_GlobalUnwind2@8      1001a182 f   LIBCMT:exsup4.obj
 0001:0001919b       @_EH4_LocalUnwind@16       1001a19b f   LIBCMT:exsup4.obj
 0001:000191b2       __get_printf_count_output  1001a1b2 f   LIBCMT:printf.obj
 0001:000191c7       __wctomb_s_l               1001a1c7 f   LIBCMT:wctomb.obj
 0001:000192eb       _wctomb_s                  1001a2eb f   LIBCMT:wctomb.obj
 0001:00019310       __aulldvrm                 1001a310 f   LIBCMT:ulldvrm.obj
 0001:000193a5       __getbuf                   1001a3a5 f   LIBCMT:_getbuf.obj
 0001:000193eb       __recalloc                 1001a3eb f   LIBCMT:recalloc.obj
 0001:00019454       ___free_lconv_mon          1001a454 f   LIBCMT:initmon.obj
 0001:00019550       ___free_lconv_num          1001a550 f   LIBCMT:initnum.obj
 0001:000195b7       ___free_lc_time            1001a5b7 f   LIBCMT:inittime.obj
 0001:00019b3b       ___crtLCMapStringA         1001ab3b f   LIBCMT:a_map.obj
 0001:00019b81       __freea                    1001ab81 f i LIBCMT:a_map.obj
 0001:00019c97       ___crtGetStringTypeA       1001ac97 f   LIBCMT:a_str.obj
 0001:00019cd7       __isctype_l                1001acd7 f   LIBCMT:isctype.obj
 0001:00019d88       _GetTableIndexFromLocaleName 1001ad88 f   LIBCMT:winapinls.obj
 0001:00019dd6       ___crtCompareStringEx      1001add6 f   LIBCMT:winapinls.obj
 0001:00019e22       ___crtDownlevelLocaleNameToLCID 1001ae22 f   LIBCMT:winapinls.obj
 0001:00019e4c       ___crtLCMapStringEx        1001ae4c f   LIBCMT:winapinls.obj
 0001:00019e98       ___wcsnicmp_ascii          1001ae98 f   LIBCMT:winapinls.obj
 0001:00019f06       __fclose_nolock            1001af06 f   LIBCMT:fclose.obj
 0001:00019f72       _fclose                    1001af72 f   LIBCMT:fclose.obj
 0001:00019fe9       __filbuf                   1001afe9 f   LIBCMT:_filbuf.obj
 0001:0001a10a       __ungetc_nolock            1001b10a f   LIBCMT:ungetc.obj
 0001:0001a1ea       __isdigit_l                1001b1ea f i LIBCMT:_ctype.obj
 0001:0001a23c       __isspace_l                1001b23c f i LIBCMT:_ctype.obj
 0001:0001a28e       __isxdigit_l               1001b28e f i LIBCMT:_ctype.obj
 0001:0001a2e6       _isdigit                   1001b2e6 f i LIBCMT:_ctype.obj
 0001:0001a311       _isspace                   1001b311 f i LIBCMT:_ctype.obj
 0001:0001a33c       _isxdigit                  1001b33c f i LIBCMT:_ctype.obj
 0001:0001a369       ___crtsetenv               1001b369 f   LIBCMT:setenv.obj
 0001:0001a66c       __strnicoll_l              1001b66c f   LIBCMT:strnicol.obj
 0001:0001a9d5       ___crtCompareStringA       1001b9d5 f   LIBCMT:a_cmp.obj
 0001:0001aa18       __decomp                   1001ba18 f   LIBCMT:util.obj
 0001:0001aaea       __set_exp                  1001baea f   LIBCMT:util.obj
 0001:0001ab19       ___set_fpsr_sse2           1001bb19 f   LIBCMT:fpctrl.obj
 0001:0001ab8f       __clrfp                    1001bb8f f   LIBCMT:fpctrl.obj
 0001:0001aba0       __ctrlfp                   1001bba0 f   LIBCMT:fpctrl.obj
 0001:0001abcb       __set_statfp               1001bbcb f   LIBCMT:fpctrl.obj
 0001:0001ac23       __statfp                   1001bc23 f   LIBCMT:fpctrl.obj
 0001:0001ac33       __matherr                  1001bc33 f   LIBCMT:matherr.obj
 0001:0001ac40       _memmove                   1001bc40 f   LIBCMT:memmove.obj
 0001:0001b290       _strrchr                   1001c290 f   LIBCMT:strrchr.obj
 0001:0001b3c7       __fptostr                  1001c3c7 f   LIBCMT:_fptostr.obj
 0001:0001b477       ___crt_atoflt_l            1001c477 f   LIBCMT:atodbl.obj
 0001:0001b51b       __atodbl_l                 1001c51b f   LIBCMT:atodbl.obj
 0001:0001b5a9       __atoflt_l                 1001c5a9 f   LIBCMT:atodbl.obj
 0001:0001b5c1       ___dtold                   1001c5c1 f   LIBCMT:cfout.obj
 0001:0001b689       __fltout2                  1001c689 f   LIBCMT:cfout.obj
 0001:0001b720       __alldvrm                  1001c720 f   LIBCMT:lldvrm.obj
 0001:0001b800       __aullshr                  1001c800 f   LIBCMT:ullshr.obj
 0001:0001b81f       __controlfp_s              1001c81f f   LIBCMT:contrlfp.obj
 0001:0001b87c       __fptrap                   1001c87c f   LIBCMT:crt0fp.obj
 0001:0001b8df       __ismbblead                1001c8df f   LIBCMT:ismbbyte.obj
 0001:0001b8f5       __msize                    1001c8f5 f   LIBCMT:msize.obj
 0001:0001b926       ___termconout              1001c926 f   LIBCMT:initcon.obj
 0001:0001b93d       ___initconout              1001c93d f   LIBCMT:initcon.obj
 0001:0001b960       __alloca_probe_16          1001c960 f   LIBCMT:alloca16.obj
 0001:0001b976       __alloca_probe_8           1001c976     LIBCMT:alloca16.obj
 0001:0001b98c       __close                    1001c98c f   LIBCMT:close.obj
 0001:0001ba67       __close_nolock             1001ca67 f   LIBCMT:close.obj
 0001:0001bb01       __freebuf                  1001cb01 f   LIBCMT:_freebuf.obj
 0001:0001bb31       __read                     1001cb31 f   LIBCMT:read.obj
 0001:0001bc45       __read_nolock              1001cc45 f   LIBCMT:read.obj
 0001:0001c3d6       __strdup                   1001d3d6 f   LIBCMT:strdup.obj
 0001:0001c426       __mbschr                   1001d426 f   LIBCMT:mbschr.obj
 0001:0001c43b       __mbschr_l                 1001d43b f   LIBCMT:mbschr.obj
 0001:0001c4d8       __ld12tod                  1001d4d8 f   LIBCMT:intrncvt.obj
 0001:0001ca4a       __ld12tof                  1001da4a f   LIBCMT:intrncvt.obj
 0001:0001cfbc       ___strgtold12_l            1001dfbc f   LIBCMT:strgtold.obj
 0001:0001d764       _$I10_OUTPUT               1001e764 f   LIBCMT:x10fout.obj
 0001:0001e1e1       __control87                1001f1e1 f i LIBCMT:ieee87.obj
 0001:0001e580       _strchr                    1001f580 f   LIBCMT:strchr.obj
 0001:0001e5ee       ___from_strstr_to_strchr   1001f5ee     LIBCMT:strchr.obj
 0001:0001e6ab       ___mtold12                 1001f6ab f   LIBCMT:mantold.obj
 0001:0001e890       _IsProcessorFeaturePresent@4 1001f890 f   kernel32:KERNEL32.dll
 0001:0001e896       _RtlUnwind@16              1001f896 f   kernel32:KERNEL32.dll
 0002:00000000       __imp__InitializeCriticalSection@4 10020000     kernel32:KERNEL32.dll
 0002:00000004       __imp__DeleteCriticalSection@4 10020004     kernel32:KERNEL32.dll
 0002:00000008       __imp__ReleaseSemaphore@12 10020008     kernel32:KERNEL32.dll
 0002:0000000c       __imp__Sleep@4             1002000c     kernel32:KERNEL32.dll
 0002:00000010       __imp__CloseHandle@4       10020010     kernel32:KERNEL32.dll
 0002:00000014       __imp__CreateSemaphoreA@16 10020014     kernel32:KERNEL32.dll
 0002:00000018       __imp__WaitForSingleObject@8 10020018     kernel32:KERNEL32.dll
 0002:0000001c       __imp__ReleaseSRWLockExclusive@4 1002001c     kernel32:KERNEL32.dll
 0002:00000020       __imp__ReleaseSRWLockShared@4 10020020     kernel32:KERNEL32.dll
 0002:00000024       __imp__AcquireSRWLockShared@4 10020024     kernel32:KERNEL32.dll
 0002:00000028       __imp__GetCurrentThread@0  10020028     kernel32:KERNEL32.dll
 0002:0000002c       __imp__TlsAlloc@0          1002002c     kernel32:KERNEL32.dll
 0002:00000030       __imp__TlsGetValue@4       10020030     kernel32:KERNEL32.dll
 0002:00000034       __imp__TlsSetValue@8       10020034     kernel32:KERNEL32.dll
 0002:00000038       __imp__EnterCriticalSection@4 10020038     kernel32:KERNEL32.dll
 0002:0000003c       __imp__LeaveCriticalSection@4 1002003c     kernel32:KERNEL32.dll
 0002:00000040       __imp__TryEnterCriticalSection@4 10020040     kernel32:KERNEL32.dll
 0002:00000044       __imp__AcquireSRWLockExclusive@4 10020044     kernel32:KERNEL32.dll
 0002:00000048       __imp__GetThreadContext@8  10020048     kernel32:KERNEL32.dll
 0002:0000004c       __imp__SetThreadContext@8  1002004c     kernel32:KERNEL32.dll
 0002:00000050       __imp__SuspendThread@4     10020050     kernel32:KERNEL32.dll
 0002:00000054       __imp__ResumeThread@4      10020054     kernel32:KERNEL32.dll
 0002:00000058       __imp__FlushFileBuffers@4  10020058     kernel32:KERNEL32.dll
 0002:0000005c       __imp__GetProcAddress@8    1002005c     kernel32:KERNEL32.dll
 0002:00000060       __imp__GetLastError@0      10020060     kernel32:KERNEL32.dll
 0002:00000064       __imp__WriteFile@20        10020064     kernel32:KERNEL32.dll
 0002:00000068       __imp__ReadFile@20         10020068     kernel32:KERNEL32.dll
 0002:0000006c       __imp__GetCommState@8      1002006c     kernel32:KERNEL32.dll
 0002:00000070       __imp__SetCommState@8      10020070     kernel32:KERNEL32.dll
 0002:00000074       __imp__SetCommTimeouts@8   10020074     kernel32:KERNEL32.dll
 0002:00000078       __imp__GetSystemTimeAsFileTime@4 10020078     kernel32:KERNEL32.dll
 0002:0000007c       __imp__SystemTimeToFileTime@8 1002007c     kernel32:KERNEL32.dll
 0002:00000080       __imp__LoadLibraryA@4      10020080     kernel32:KERNEL32.dll
 0002:00000084       __imp__CreateFileA@28      10020084     kernel32:KERNEL32.dll
 0002:00000088       __imp__QueryPerformanceCounter@4 10020088     kernel32:KERNEL32.dll
 0002:0000008c       __imp__QueryPerformanceFrequency@4 1002008c     kernel32:KERNEL32.dll
 0002:00000090       __imp__HeapFree@12         10020090     kernel32:KERNEL32.dll
 0002:00000094       __imp__HeapAlloc@12        10020094     kernel32:KERNEL32.dll
 0002:00000098       __imp__IsDebuggerPresent@0 10020098     kernel32:KERNEL32.dll
 0002:0000009c       __imp__IsProcessorFeaturePresent@4 1002009c     kernel32:KERNEL32.dll
 0002:000000a0       __imp__RtlUnwind@16        100200a0     kernel32:KERNEL32.dll
 0002:000000a4       __imp__EncodePointer@4     100200a4     kernel32:KERNEL32.dll
 0002:000000a8       __imp__DecodePointer@4     100200a8     kernel32:KERNEL32.dll
 0002:000000ac       __imp__CreateThread@24     100200ac     kernel32:KERNEL32.dll
 0002:000000b0       __imp__GetCurrentThreadId@0 100200b0     kernel32:KERNEL32.dll
 0002:000000b4       __imp__ExitThread@4        100200b4     kernel32:KERNEL32.dll
 0002:000000b8       __imp__LoadLibraryExW@12   100200b8     kernel32:KERNEL32.dll
 0002:000000bc       __imp__HeapReAlloc@16      100200bc     kernel32:KERNEL32.dll
 0002:000000c0       __imp__GetCommandLineA@0   100200c0     kernel32:KERNEL32.dll
 0002:000000c4       __imp__SetLastError@4      100200c4     kernel32:KERNEL32.dll
 0002:000000c8       __imp__GetProcessHeap@0    100200c8     kernel32:KERNEL32.dll
 0002:000000cc       __imp__ExitProcess@4       100200cc     kernel32:KERNEL32.dll
 0002:000000d0       __imp__GetModuleHandleExW@12 100200d0     kernel32:KERNEL32.dll
 0002:000000d4       __imp__MultiByteToWideChar@24 100200d4     kernel32:KERNEL32.dll
 0002:000000d8       __imp__WideCharToMultiByte@32 100200d8     kernel32:KERNEL32.dll
 0002:000000dc       __imp__GetStdHandle@4      100200dc     kernel32:KERNEL32.dll
 0002:000000e0       __imp__GetModuleFileNameW@12 100200e0     kernel32:KERNEL32.dll
 0002:000000e4       __imp__RaiseException@16   100200e4     kernel32:KERNEL32.dll
 0002:000000e8       __imp__UnhandledExceptionFilter@4 100200e8     kernel32:KERNEL32.dll
 0002:000000ec       __imp__SetUnhandledExceptionFilter@4 100200ec     kernel32:KERNEL32.dll
 0002:000000f0       __imp__InitializeCriticalSectionAndSpinCount@8 100200f0     kernel32:KERNEL32.dll
 0002:000000f4       __imp__GetCurrentProcess@0 100200f4     kernel32:KERNEL32.dll
 0002:000000f8       __imp__TerminateProcess@8  100200f8     kernel32:KERNEL32.dll
 0002:000000fc       __imp__TlsFree@4           100200fc     kernel32:KERNEL32.dll
 0002:00000100       __imp__GetStartupInfoW@4   10020100     kernel32:KERNEL32.dll
 0002:00000104       __imp__GetModuleHandleW@4  10020104     kernel32:KERNEL32.dll
 0002:00000108       __imp__GetConsoleCP@0      10020108     kernel32:KERNEL32.dll
 0002:0000010c       __imp__GetConsoleMode@8    1002010c     kernel32:KERNEL32.dll
 0002:00000110       __imp__GetFileType@4       10020110     kernel32:KERNEL32.dll
 0002:00000114       __imp__IsValidCodePage@4   10020114     kernel32:KERNEL32.dll
 0002:00000118       __imp__GetACP@0            10020118     kernel32:KERNEL32.dll
 0002:0000011c       __imp__GetOEMCP@0          1002011c     kernel32:KERNEL32.dll
 0002:00000120       __imp__GetCPInfo@8         10020120     kernel32:KERNEL32.dll
 0002:00000124       __imp__GetModuleFileNameA@12 10020124     kernel32:KERNEL32.dll
 0002:00000128       __imp__GetCurrentProcessId@0 10020128     kernel32:KERNEL32.dll
 0002:0000012c       __imp__GetEnvironmentStringsW@0 1002012c     kernel32:KERNEL32.dll
 0002:00000130       __imp__FreeEnvironmentStringsW@4 10020130     kernel32:KERNEL32.dll
 0002:00000134       __imp__FreeLibrary@4       10020134     kernel32:KERNEL32.dll
 0002:00000138       __imp__OutputDebugStringW@4 10020138     kernel32:KERNEL32.dll
 0002:0000013c       __imp__VirtualQuery@12     1002013c     kernel32:KERNEL32.dll
 0002:00000140       __imp__SetStdHandle@8      10020140     kernel32:KERNEL32.dll
 0002:00000144       __imp__SetFilePointerEx@20 10020144     kernel32:KERNEL32.dll
 0002:00000148       __imp__WriteConsoleW@20    10020148     kernel32:KERNEL32.dll
 0002:0000014c       __imp__GetStringTypeW@16   1002014c     kernel32:KERNEL32.dll
 0002:00000150       __imp__CompareStringW@24   10020150     kernel32:KERNEL32.dll
 0002:00000154       __imp__LCMapStringW@24     10020154     kernel32:KERNEL32.dll
 0002:00000158       __imp__SetEnvironmentVariableA@8 10020158     kernel32:KERNEL32.dll
 0002:0000015c       __imp__HeapSize@12         1002015c     kernel32:KERNEL32.dll
 0002:00000160       __imp__CreateFileW@28      10020160     kernel32:KERNEL32.dll
 0002:00000164       __imp__ReadConsoleW@20     10020164     kernel32:KERNEL32.dll
 0002:00000168       \177KERNEL32_NULL_THUNK_DATA 10020168     kernel32:KERNEL32.dll
 0002:0000016c       ___xc_a                    1002016c     LIBCMT:crt0init.obj
 0002:00000170       ___xc_z                    10020170     LIBCMT:crt0init.obj
 0002:00000174       ___xi_a                    10020174     LIBCMT:crt0init.obj
 0002:00000188       ___xi_z                    10020188     LIBCMT:crt0init.obj
 0002:0000018c       ___xp_a                    1002018c     LIBCMT:crt0init.obj
 0002:0000019c       ___xp_z                    1002019c     LIBCMT:crt0init.obj
 0002:000001a0       ___xt_a                    100201a0     LIBCMT:crt0init.obj
 0002:000001a4       ___xt_z                    100201a4     LIBCMT:crt0init.obj
 0002:000001b0       _modeList                  100201b0     mode.o
 0002:000001b8       _libxbee_revision          100201b8     ver.o
 0002:000001c0       _libxbee_commit            100201c0     ver.o
 0002:000001d0       _libxbee_committer         100201d0     ver.o
 0002:000001e0       _libxbee_buildtime         100201e0     ver.o
 0002:00000200       __real@4024000000000000    10020200     xsys.o
 0002:00000208       __real@412e848000000000    10020208     xsys.o
 0002:00000210       _mode_xbee5                10020210     modes_xbee5_mode.o
 0002:00000250       ??_C@_0N@PPOMPGGK@RoInitialize?$AA@ 10020250     LIBCMT:threadex.obj
 0002:00000260       ??_C@_1BI@IDAOOPDH@?$AAc?$AAo?$AAm?$AAb?$AAa?$AAs?$AAe?$AA?4?$AAd?$AAl?$AAl?$AA?$AA@ 10020260     LIBCMT:threadex.obj
 0002:00000278       ??_C@_0P@LLFHBIJD@RoUninitialize?$AA@ 10020278     LIBCMT:threadex.obj
 0002:00000314       __FPinit                   10020314     LIBCMT:fpinit.obj
 0002:00000318       __pRawDllMain              10020318     LIBCMT:dllcrt0.obj
 0002:00000318       __pDefaultRawDllMain       10020318     LIBCMT:dllcrt0.obj
 0002:0000031c       ??_C@_1BI@BGOHAHKC@?$AAm?$AAs?$AAc?$AAo?$AAr?$AAe?$AAe?$AA?4?$AAd?$AAl?$AAl?$AA?$AA@ 1002031c     LIBCMT:crt0dat.obj
 0002:00000334       ??_C@_0P@MIGLKIOC@CorExitProcess?$AA@ 10020334     LIBCMT:crt0dat.obj
 0002:00000400       ??_C@_1FK@PGACCAFB@?$AAR?$AA6?$AA0?$AA0?$AA2?$AA?$AN?$AA?6?$AA?9?$AA?5?$AAf?$AAl?$AAo?$AAa?$AAt?$AAi?$AAn?$AAg?$AA?5?$AAp?$AAo?$AAi?$AAn?$AAt?$AA?5?$AAs?$AAu?$AAp?$AAp?$AAo?$AAr?$AAt?$AA?5@ 10020400     LIBCMT:crt0msg.obj
 0002:00000460       ??_C@_1FE@LLNEDJMD@?$AAR?$AA6?$AA0?$AA0?$AA8?$AA?$AN?$AA?6?$AA?9?$AA?5?$AAn?$AAo?$AAt?$AA?5?$AAe?$AAn?$AAo?$AAu?$AAg?$AAh?$AA?5?$AAs?$AAp?$AAa?$AAc?$AAe?$AA?5?$AAf?$AAo?$AAr?$AA?5?$AAa?$AAr@ 10020460     LIBCMT:crt0msg.obj
 0002:000004b8       ??_C@_1FI@HONFMGBI@?$AAR?$AA6?$AA0?$AA0?$AA9?$AA?$AN?$AA?6?$AA?9?$AA?5?$AAn?$AAo?$AAt?$AA?5?$AAe?$AAn?$AAo?$AAu?$AAg?$AAh?$AA?5?$AAs?$AAp?$AAa?$AAc?$AAe?$AA?5?$AAf?$AAo?$AAr?$AA?5?$AAe?$AAn@ 100204b8     LIBCMT:crt0msg.obj
 0002:00000510       ??_C@_1EG@BEHAGFJD@?$AAR?$AA6?$AA0?$AA1?$AA0?$AA?$AN?$AA?6?$AA?9?$AA?5?$AAa?$AAb?$AAo?$AAr?$AAt?$AA?$CI?$AA?$CJ?$AA?5?$AAh?$AAa?$AAs?$AA?5?$AAb?$AAe?$AAe?$AAn?$AA?5?$AAc?$AAa?$AAl?$AAl?$AAe?$AAd@ 10020510     LIBCMT:crt0msg.obj
 0002:00000558       ??_C@_1FI@LOGNIKDM@?$AAR?$AA6?$AA0?$AA1?$AA6?$AA?$AN?$AA?6?$AA?9?$AA?5?$AAn?$AAo?$AAt?$AA?5?$AAe?$AAn?$AAo?$AAu?$AAg?$AAh?$AA?5?$AAs?$AAp?$AAa?$AAc?$AAe?$AA?5?$AAf?$AAo?$AAr?$AA?5?$AAt?$AAh@ 10020558     LIBCMT:crt0msg.obj
 0002:000005b0       ??_C@_1FK@BEOGODMC@?$AAR?$AA6?$AA0?$AA1?$AA7?$AA?$AN?$AA?6?$AA?9?$AA?5?$AAu?$AAn?$AAe?$AAx?$AAp?$AAe?$AAc?$AAt?$AAe?$AAd?$AA?5?$AAm?$AAu?$AAl?$AAt?$AAi?$AAt?$AAh?$AAr?$AAe?$AAa?$AAd?$AA?5@ 100205b0     LIBCMT:crt0msg.obj
 0002:00000610       ??_C@_1EC@JIBHAOPH@?$AAR?$AA6?$AA0?$AA1?$AA8?$AA?$AN?$AA?6?$AA?9?$AA?5?$AAu?$AAn?$AAe?$AAx?$AAp?$AAe?$AAc?$AAt?$AAe?$AAd?$AA?5?$AAh?$AAe?$AAa?$AAp?$AA?5?$AAe?$AAr?$AAr?$AAo?$AAr?$AA?$AN?$AA?6@ 10020610     LIBCMT:crt0msg.obj
 0002:00000658       ??_C@_1FC@ECHBIFBC@?$AAR?$AA6?$AA0?$AA1?$AA9?$AA?$AN?$AA?6?$AA?9?$AA?5?$AAu?$AAn?$AAa?$AAb?$AAl?$AAe?$AA?5?$AAt?$AAo?$AA?5?$AAo?$AAp?$AAe?$AAn?$AA?5?$AAc?$AAo?$AAn?$AAs?$AAo?$AAl?$AAe?$AA?5@ 10020658     LIBCMT:crt0msg.obj
 0002:000006b0       ??_C@_1GK@FHCKBEFA@?$AAR?$AA6?$AA0?$AA2?$AA4?$AA?$AN?$AA?6?$AA?9?$AA?5?$AAn?$AAo?$AAt?$AA?5?$AAe?$AAn?$AAo?$AAu?$AAg?$AAh?$AA?5?$AAs?$AAp?$AAa?$AAc?$AAe?$AA?5?$AAf?$AAo?$AAr?$AA?5?$AA_?$AAo@ 100206b0     LIBCMT:crt0msg.obj
 0002:00000720       ??_C@_1EM@MAADIHMB@?$AAR?$AA6?$AA0?$AA2?$AA5?$AA?$AN?$AA?6?$AA?9?$AA?5?$AAp?$AAu?$AAr?$AAe?$AA?5?$AAv?$AAi?$AAr?$AAt?$AAu?$AAa?$AAl?$AA?5?$AAf?$AAu?$AAn?$AAc?$AAt?$AAi?$AAo?$AAn?$AA?5?$AAc@ 10020720     LIBCMT:crt0msg.obj
 0002:00000770       ??_C@_1GK@MCAAGJMO@?$AAR?$AA6?$AA0?$AA2?$AA6?$AA?$AN?$AA?6?$AA?9?$AA?5?$AAn?$AAo?$AAt?$AA?5?$AAe?$AAn?$AAo?$AAu?$AAg?$AAh?$AA?5?$AAs?$AAp?$AAa?$AAc?$AAe?$AA?5?$AAf?$AAo?$AAr?$AA?5?$AAs?$AAt@ 10020770     LIBCMT:crt0msg.obj
 0002:000007e0       ??_C@_1GK@MFGOKLAG@?$AAR?$AA6?$AA0?$AA2?$AA7?$AA?$AN?$AA?6?$AA?9?$AA?5?$AAn?$AAo?$AAt?$AA?5?$AAe?$AAn?$AAo?$AAu?$AAg?$AAh?$AA?5?$AAs?$AAp?$AAa?$AAc?$AAe?$AA?5?$AAf?$AAo?$AAr?$AA?5?$AAl?$AAo@ 100207e0     LIBCMT:crt0msg.obj
 0002:00000850       ??_C@_1EK@HHFLMAOL@?$AAR?$AA6?$AA0?$AA2?$AA8?$AA?$AN?$AA?6?$AA?9?$AA?5?$AAu?$AAn?$AAa?$AAb?$AAl?$AAe?$AA?5?$AAt?$AAo?$AA?5?$AAi?$AAn?$AAi?$AAt?$AAi?$AAa?$AAl?$AAi?$AAz?$AAe?$AA?5?$AAh?$AAe@ 10020850     LIBCMT:crt0msg.obj
 0002:0000089c       ??_C@_1DO@BMFCDCD@?$AAR?$AA6?$AA0?$AA3?$AA0?$AA?$AN?$AA?6?$AA?9?$AA?5?$AAC?$AAR?$AAT?$AA?5?$AAn?$AAo?$AAt?$AA?5?$AAi?$AAn?$AAi?$AAt?$AAi?$AAa?$AAl?$AAi?$AAz?$AAe?$AAd?$AA?$AN?$AA?6?$AA?$AA@ 1002089c     LIBCMT:crt0msg.obj
 0002:000008e0       ??_C@_1MG@ENCOOIDF@?$AAR?$AA6?$AA0?$AA3?$AA1?$AA?$AN?$AA?6?$AA?9?$AA?5?$AAA?$AAt?$AAt?$AAe?$AAm?$AAp?$AAt?$AA?5?$AAt?$AAo?$AA?5?$AAi?$AAn?$AAi?$AAt?$AAi?$AAa?$AAl?$AAi?$AAz?$AAe?$AA?5?$AAt@ 100208e0     LIBCMT:crt0msg.obj
 0002:000009a8       ??_C@_1GG@GOPILAJP@?$AAR?$AA6?$AA0?$AA3?$AA2?$AA?$AN?$AA?6?$AA?9?$AA?5?$AAn?$AAo?$AAt?$AA?5?$AAe?$AAn?$AAo?$AAu?$AAg?$AAh?$AA?5?$AAs?$AAp?$AAa?$AAc?$AAe?$AA?5?$AAf?$AAo?$AAr?$AA?5?$AAl?$AAo@ 100209a8     LIBCMT:crt0msg.obj
 0002:00000a10       ??_C@_1BOO@KGEDBGAJ@?$AAR?$AA6?$AA0?$AA3?$AA3?$AA?$AN?$AA?6?$AA?9?$AA?5?$AAA?$AAt?$AAt?$AAe?$AAm?$AAp?$AAt?$AA?5?$AAt?$AAo?$AA?5?$AAu?$AAs?$AAe?$AA?5?$AAM?$AAS?$AAI?$AAL?$AA?5?$AAc?$AAo?$AAd@ 10020a10     LIBCMT:crt0msg.obj
 0002:00000c00       ??_C@_1GG@MKFPEKFO@?$AAR?$AA6?$AA0?$AA3?$AA4?$AA?$AN?$AA?6?$AA?9?$AA?5?$AAi?$AAn?$AAc?$AAo?$AAn?$AAs?$AAi?$AAs?$AAt?$AAe?$AAn?$AAt?$AA?5?$AAo?$AAn?$AAe?$AAx?$AAi?$AAt?$AA?5?$AAb?$AAe?$AAg@ 10020c00     LIBCMT:crt0msg.obj
 0002:00000c68       ??_C@_1BO@BFCDCGC@?$AAD?$AAO?$AAM?$AAA?$AAI?$AAN?$AA?5?$AAe?$AAr?$AAr?$AAo?$AAr?$AA?$AN?$AA?6?$AA?$AA@ 10020c68     LIBCMT:crt0msg.obj
 0002:00000c88       ??_C@_1BK@KMOMNAAI@?$AAS?$AAI?$AAN?$AAG?$AA?5?$AAe?$AAr?$AAr?$AAo?$AAr?$AA?$AN?$AA?6?$AA?$AA@ 10020c88     LIBCMT:crt0msg.obj
 0002:00000ca4       ??_C@_1BM@JBBEPPHI@?$AAT?$AAL?$AAO?$AAS?$AAS?$AA?5?$AAe?$AAr?$AAr?$AAo?$AAr?$AA?$AN?$AA?6?$AA?$AA@ 10020ca4     LIBCMT:crt0msg.obj
 0002:00000cc0       ??_C@_15JNBOKNOG@?$AA?$AN?$AA?6?$AA?$AA@ 10020cc0     LIBCMT:crt0msg.obj
 0002:00000cc8       ??_C@_1BO@BKOMIGKJ@?$AAr?$AAu?$AAn?$AAt?$AAi?$AAm?$AAe?$AA?5?$AAe?$AAr?$AAr?$AAo?$AAr?$AA?5?$AA?$AA@ 10020cc8     LIBCMT:crt0msg.obj
 0002:00000ce8       ??_C@_1DE@JNGNBFGO@?$AAR?$AAu?$AAn?$AAt?$AAi?$AAm?$AAe?$AA?5?$AAE?$AAr?$AAr?$AAo?$AAr?$AA?$CB?$AA?6?$AA?6?$AAP?$AAr?$AAo?$AAg?$AAr?$AAa?$AAm?$AA?3?$AA?5?$AA?$AA@ 10020ce8     LIBCMT:crt0msg.obj
 0002:00000d1c       ??_C@_1CO@EAEJAADC@?$AA?$DM?$AAp?$AAr?$AAo?$AAg?$AAr?$AAa?$AAm?$AA?5?$AAn?$AAa?$AAm?$AAe?$AA?5?$AAu?$AAn?$AAk?$AAn?$AAo?$AAw?$AAn?$AA?$DO?$AA?$AA@ 10020d1c     LIBCMT:crt0msg.obj
 0002:00000d4c       ??_C@_17LGKOMLJ@?$AA?4?$AA?4?$AA?4?$AA?$AA@ 10020d4c     LIBCMT:crt0msg.obj
 0002:00000d54       ??_C@_15IABLJNFO@?$AA?6?$AA?6?$AA?$AA@ 10020d54     LIBCMT:crt0msg.obj
 0002:00000d60       ??_C@_1EK@MBDPDCGA@?$AAM?$AAi?$AAc?$AAr?$AAo?$AAs?$AAo?$AAf?$AAt?$AA?5?$AAV?$AAi?$AAs?$AAu?$AAa?$AAl?$AA?5?$AAC?$AA?$CL?$AA?$CL?$AA?5?$AAR?$AAu?$AAn?$AAt?$AAi?$AAm?$AAe?$AA?5?$AAL?$AAi?$AAb@ 10020d60     LIBCMT:crt0msg.obj
 0002:00000e48       ??_C@_0NN@NGPKDKPD@The?5value?5of?5ESP?5was?5not?5properl@ 10020e48     LIBCMT:error.obj
 0002:00000f28       ??_C@_0BBN@GPMLNJCF@A?5cast?5to?5a?5smaller?5data?5type?5ha@ 10020f28     LIBCMT:error.obj
 0002:00001048       ??_C@_0BN@FFOINMNJ@Stack?5memory?5was?5corrupted?6?$AN?$AA@ 10021048     LIBCMT:error.obj
 0002:00001068       ??_C@_0DG@HKJMLLLP@A?5local?5variable?5was?5used?5before@ 10021068     LIBCMT:error.obj
 0002:000010a0       ??_C@_0CM@NGINOKPC@Stack?5memory?5around?5_alloca?5was?5@ 100210a0     LIBCMT:error.obj
 0002:000010cc       ??_C@_0BO@GNIAFIKK@Unknown?5Runtime?5Check?5Error?6?$AN?$AA@ 100210cc     LIBCMT:error.obj
 0002:000010f0       ??_C@_1GM@OLMCBDMB@?$AAR?$AAu?$AAn?$AAt?$AAi?$AAm?$AAe?$AA?5?$AAC?$AAh?$AAe?$AAc?$AAk?$AA?5?$AAE?$AAr?$AAr?$AAo?$AAr?$AA?4?$AA?6?$AA?$AN?$AA?5?$AAU?$AAn?$AAa?$AAb?$AAl?$AAe?$AA?5?$AAt?$AAo@ 100210f0     LIBCMT:error.obj
 0002:00001160       ??_C@_1EA@NFKNIFJP@?$AAR?$AAu?$AAn?$AA?9?$AAT?$AAi?$AAm?$AAe?$AA?5?$AAC?$AAh?$AAe?$AAc?$AAk?$AA?5?$AAF?$AAa?$AAi?$AAl?$AAu?$AAr?$AAe?$AA?5?$AA?$CD?$AA?$CF?$AAd?$AA?5?$AA?9?$AA?5?$AA?$CF?$AAs?$AA?$AA@ 10021160     LIBCMT:error.obj
 0002:000011a0       ??_C@_0BB@PFFGGCJP@Unknown?5Filename?$AA@ 100211a0     LIBCMT:error.obj
 0002:000011b4       ??_C@_0BE@GNBOBNCK@Unknown?5Module?5Name?$AA@ 100211b4     LIBCMT:error.obj
 0002:000011c8       ??_C@_0CA@IODNCDPG@Run?9Time?5Check?5Failure?5?$CD?$CFd?5?9?5?$CFs?$AA@ 100211c8     LIBCMT:error.obj
 0002:000011e8       ??_C@_0CG@IAFNJNEE@Stack?5corrupted?5near?5unknown?5var@ 100211e8     LIBCMT:error.obj
 0002:00001224       ??_C@_0BJ@HEGAHDFO@Stack?5pointer?5corruption?$AA@ 10021224     LIBCMT:userapi.obj
 0002:00001240       ??_C@_0CK@FEGOIOPB@Cast?5to?5smaller?5type?5causing?5los@ 10021240     LIBCMT:userapi.obj
 0002:0000126c       ??_C@_0BI@CIGMDCBH@Stack?5memory?5corruption?$AA@ 1002126c     LIBCMT:userapi.obj
 0002:00001284       ??_C@_0CK@CNLNOEPB@Local?5variable?5used?5before?5initi@ 10021284     LIBCMT:userapi.obj
 0002:000012b0       ??_C@_0BP@OGBCLIBO@Stack?5around?5_alloca?5corrupted?$AA@ 100212b0     LIBCMT:userapi.obj
 0002:000012d0       ??_C@_1BK@MGMFAEKH@?$AAk?$AAe?$AAr?$AAn?$AAe?$AAl?$AA3?$AA2?$AA?4?$AAd?$AAl?$AAl?$AA?$AA@ 100212d0     LIBCMT:winapisupp.obj
 0002:000012ec       ??_C@_08KNHFBNJ@FlsAlloc?$AA@ 100212ec     LIBCMT:winapisupp.obj
 0002:000012f8       ??_C@_07PEJMOBNF@FlsFree?$AA@ 100212f8     LIBCMT:winapisupp.obj
 0002:00001300       ??_C@_0M@GDNOONDI@FlsGetValue?$AA@ 10021300     LIBCMT:winapisupp.obj
 0002:0000130c       ??_C@_0M@JCPCPOEF@FlsSetValue?$AA@ 1002130c     LIBCMT:winapisupp.obj
 0002:00001318       ??_C@_0BM@HCFOFFN@InitializeCriticalSectionEx?$AA@ 10021318     LIBCMT:winapisupp.obj
 0002:00001334       ??_C@_0P@DLHPPCNH@CreateEventExW?$AA@ 10021334     LIBCMT:winapisupp.obj
 0002:00001344       ??_C@_0BD@KIEEOEEH@CreateSemaphoreExW?$AA@ 10021344     LIBCMT:winapisupp.obj
 0002:00001358       ??_C@_0BI@BKLFFAPO@SetThreadStackGuarantee?$AA@ 10021358     LIBCMT:winapisupp.obj
 0002:00001370       ??_C@_0BG@OGFAJCKC@CreateThreadpoolTimer?$AA@ 10021370     LIBCMT:winapisupp.obj
 0002:00001388       ??_C@_0BD@LPLEMMDI@SetThreadpoolTimer?$AA@ 10021388     LIBCMT:winapisupp.obj
 0002:0000139c       ??_C@_0CA@FMNJENH@WaitForThreadpoolTimerCallbacks?$AA@ 1002139c     LIBCMT:winapisupp.obj
 0002:000013bc       ??_C@_0BF@DCFCCNOC@CloseThreadpoolTimer?$AA@ 100213bc     LIBCMT:winapisupp.obj
 0002:000013d4       ??_C@_0BF@FLABGKKM@CreateThreadpoolWait?$AA@ 100213d4     LIBCMT:winapisupp.obj
 0002:000013ec       ??_C@_0BC@MGCOHNA@SetThreadpoolWait?$AA@ 100213ec     LIBCMT:winapisupp.obj
 0002:00001400       ??_C@_0BE@OCIOMIMP@CloseThreadpoolWait?$AA@ 10021400     LIBCMT:winapisupp.obj
 0002:00001414       ??_C@_0BJ@LKGHFHBO@FlushProcessWriteBuffers?$AA@ 10021414     LIBCMT:winapisupp.obj
 0002:00001430       ??_C@_0BP@KALKKPMO@FreeLibraryWhenCallbackReturns?$AA@ 10021430     LIBCMT:winapisupp.obj
 0002:00001450       ??_C@_0BK@DFNBACLA@GetCurrentProcessorNumber?$AA@ 10021450     LIBCMT:winapisupp.obj
 0002:0000146c       ??_C@_0BP@KHGALBC@GetLogicalProcessorInformation?$AA@ 1002146c     LIBCMT:winapisupp.obj
 0002:0000148c       ??_C@_0BE@FKKLLFLM@CreateSymbolicLinkW?$AA@ 1002148c     LIBCMT:winapisupp.obj
 0002:000014a0       ??_C@_0BJ@OHNKDLIJ@SetDefaultDllDirectories?$AA@ 100214a0     LIBCMT:winapisupp.obj
 0002:000014bc       ??_C@_0BE@LJANKFHF@EnumSystemLocalesEx?$AA@ 100214bc     LIBCMT:winapisupp.obj
 0002:000014d0       ??_C@_0BA@IHGNDAEB@CompareStringEx?$AA@ 100214d0     LIBCMT:winapisupp.obj
 0002:000014e0       ??_C@_0BA@EPCJIIPD@GetDateFormatEx?$AA@ 100214e0     LIBCMT:winapisupp.obj
 0002:000014f0       ??_C@_0BA@ONOKGCMP@GetLocaleInfoEx?$AA@ 100214f0     LIBCMT:winapisupp.obj
 0002:00001500       ??_C@_0BA@CIJJKCJJ@GetTimeFormatEx?$AA@ 10021500     LIBCMT:winapisupp.obj
 0002:00001510       ??_C@_0BJ@PBCCBIPI@GetUserDefaultLocaleName?$AA@ 10021510     LIBCMT:winapisupp.obj
 0002:0000152c       ??_C@_0BC@CELBKLLA@IsValidLocaleName?$AA@ 1002152c     LIBCMT:winapisupp.obj
 0002:00001540       ??_C@_0O@KKBNKAPF@LCMapStringEx?$AA@ 10021540     LIBCMT:winapisupp.obj
 0002:00001550       ??_C@_0BE@JOGNEJCI@GetCurrentPackageId?$AA@ 10021550     LIBCMT:winapisupp.obj
 0002:00001564       ??_C@_0P@CDHHOHKP@GetTickCount64?$AA@ 10021564     LIBCMT:winapisupp.obj
 0002:00001574       ??_C@_0BO@KPCLFDJJ@GetFileInformationByHandleExW?$AA@ 10021574     LIBCMT:winapisupp.obj
 0002:00001594       ??_C@_0BM@MHIDLABK@SetFileInformationByHandleW?$AA@ 10021594     LIBCMT:winapisupp.obj
 0002:000015b0       ??_C@_06OJHGLDPL@?$CInull?$CJ?$AA@ 100215b0     LIBCMT:output.obj
 0002:000015b8       ??_C@_1O@CEDCILHN@?$AA?$CI?$AAn?$AAu?$AAl?$AAl?$AA?$CJ?$AA?$AA@ 100215b8     LIBCMT:output.obj
 0002:000015c8       ___lookuptable             100215c8     LIBCMT:output.obj
 0002:00001628       __XcptActTab               10021628     LIBCMT:winxfltr.obj
 0002:000016b8       __XcptActTabCount          100216b8     LIBCMT:winxfltr.obj
 0002:000016bc       __XcptActTabSize           100216bc     LIBCMT:winxfltr.obj
 0002:000016c0       __First_FPE_Indx           100216c0     LIBCMT:winxfltr.obj
 0002:000016c4       __Num_FPE                  100216c4     LIBCMT:winxfltr.obj
 0002:000016d8       ??_C@_1M@HPNHIDJI@?$AAj?$AAa?$AA?9?$AAJ?$AAP?$AA?$AA@ 100216d8     LIBCMT:mbctype.obj
 0002:000016e4       ??_C@_1M@BIBDDEMK@?$AAz?$AAh?$AA?9?$AAC?$AAN?$AA?$AA@ 100216e4     LIBCMT:mbctype.obj
 0002:000016f0       ??_C@_1M@JLOOOEGK@?$AAk?$AAo?$AA?9?$AAK?$AAR?$AA?$AA@ 100216f0     LIBCMT:mbctype.obj
 0002:000016fc       ??_C@_1M@CLNBBOPM@?$AAz?$AAh?$AA?9?$AAT?$AAW?$AA?$AA@ 100216fc     LIBCMT:mbctype.obj
 0002:00001708       ??_C@_03KOEHGMDN@Sun?$AA@  10021708     LIBCMT:nlsdata.obj
 0002:0000170c       ??_C@_03PDAGKDH@Mon?$AA@   1002170c     LIBCMT:nlsdata.obj
 0002:00001710       ??_C@_03NAGEINEP@Tue?$AA@  10021710     LIBCMT:nlsdata.obj
 0002:00001714       ??_C@_03MHOMLAJA@Wed?$AA@  10021714     LIBCMT:nlsdata.obj
 0002:00001718       ??_C@_03IOFIKPDN@Thu?$AA@  10021718     LIBCMT:nlsdata.obj
 0002:0000171c       ??_C@_03IDIOELNC@Fri?$AA@  1002171c     LIBCMT:nlsdata.obj
 0002:00001720       ??_C@_03FEFJNEK@Sat?$AA@   10021720     LIBCMT:nlsdata.obj
 0002:00001724       ??_C@_06OOPIFAJ@Sunday?$AA@ 10021724     LIBCMT:nlsdata.obj
 0002:0000172c       ??_C@_06JLEDEDGH@Monday?$AA@ 1002172c     LIBCMT:nlsdata.obj
 0002:00001734       ??_C@_07BAAGCFCM@Tuesday?$AA@ 10021734     LIBCMT:nlsdata.obj
 0002:0000173c       ??_C@_09DLIGFAKA@Wednesday?$AA@ 1002173c     LIBCMT:nlsdata.obj
 0002:00001748       ??_C@_08HACCIKIA@Thursday?$AA@ 10021748     LIBCMT:nlsdata.obj
 0002:00001754       ??_C@_06JECMNKMI@Friday?$AA@ 10021754     LIBCMT:nlsdata.obj
 0002:0000175c       ??_C@_08INBOOONO@Saturday?$AA@ 1002175c     LIBCMT:nlsdata.obj
 0002:00001768       ??_C@_03JIHJHPIE@Jan?$AA@  10021768     LIBCMT:nlsdata.obj
 0002:0000176c       ??_C@_03HJBDCHOM@Feb?$AA@  1002176c     LIBCMT:nlsdata.obj
 0002:00001770       ??_C@_03ODNJBKGA@Mar?$AA@  10021770     LIBCMT:nlsdata.obj
 0002:00001774       ??_C@_03LEOLGMJP@Apr?$AA@  10021774     LIBCMT:nlsdata.obj
 0002:00001778       ??_C@_03CNMDKL@May?$AA@    10021778     LIBCMT:nlsdata.obj
 0002:0000177c       ??_C@_03IDFGHECI@Jun?$AA@  1002177c     LIBCMT:nlsdata.obj
 0002:00001780       ??_C@_03LBGABGKK@Jul?$AA@  10021780     LIBCMT:nlsdata.obj
 0002:00001784       ??_C@_03IFJFEIGA@Aug?$AA@  10021784     LIBCMT:nlsdata.obj
 0002:00001788       ??_C@_03GGCAPAJC@Sep?$AA@  10021788     LIBCMT:nlsdata.obj
 0002:0000178c       ??_C@_03BMAOKBAD@Oct?$AA@  1002178c     LIBCMT:nlsdata.obj
 0002:00001790       ??_C@_03JPJOFNIA@Nov?$AA@  10021790     LIBCMT:nlsdata.obj
 0002:00001794       ??_C@_03MKABNOCG@Dec?$AA@  10021794     LIBCMT:nlsdata.obj
 0002:00001798       ??_C@_07CGJPFGJA@January?$AA@ 10021798     LIBCMT:nlsdata.obj
 0002:000017a0       ??_C@_08GNJGEPFN@February?$AA@ 100217a0     LIBCMT:nlsdata.obj
 0002:000017ac       ??_C@_05HPCKOFNC@March?$AA@ 100217ac     LIBCMT:nlsdata.obj
 0002:000017b4       ??_C@_05DMJDNLEJ@April?$AA@ 100217b4     LIBCMT:nlsdata.obj
 0002:000017bc       ??_C@_04CNLMGBGM@June?$AA@ 100217bc     LIBCMT:nlsdata.obj
 0002:000017c4       ??_C@_04MIEPOIFP@July?$AA@ 100217c4     LIBCMT:nlsdata.obj
 0002:000017cc       ??_C@_06LBBHFDDG@August?$AA@ 100217cc     LIBCMT:nlsdata.obj
 0002:000017d4       ??_C@_09BHHEALKD@September?$AA@ 100217d4     LIBCMT:nlsdata.obj
 0002:000017e0       ??_C@_07JJNFCEND@October?$AA@ 100217e0     LIBCMT:nlsdata.obj
 0002:000017e8       ??_C@_08HCHEGEOA@November?$AA@ 100217e8     LIBCMT:nlsdata.obj
 0002:000017f4       ??_C@_08EDHMEBNP@December?$AA@ 100217f4     LIBCMT:nlsdata.obj
 0002:00001800       ??_C@_02DEDBPAFC@AM?$AA@   10021800     LIBCMT:nlsdata.obj
 0002:00001804       ??_C@_02CJNFDJBF@PM?$AA@   10021804     LIBCMT:nlsdata.obj
 0002:00001808       ??_C@_08BPBNCDIB@MM?1dd?1yy?$AA@ 10021808     LIBCMT:nlsdata.obj
 0002:00001814       ??_C@_0BE@CKGJFCPC@dddd?0?5MMMM?5dd?0?5yyyy?$AA@ 10021814     LIBCMT:nlsdata.obj
 0002:00001828       ??_C@_08JCCMCCIL@HH?3mm?3ss?$AA@ 10021828     LIBCMT:nlsdata.obj
 0002:00001834       ??_C@_17MBGCMIPB@?$AAS?$AAu?$AAn?$AA?$AA@ 10021834     LIBCMT:nlsdata.obj
 0002:0000183c       ??_C@_17KBOMKBF@?$AAM?$AAo?$AAn?$AA?$AA@ 1002183c     LIBCMT:nlsdata.obj
 0002:00001844       ??_C@_17BMKGEGOJ@?$AAT?$AAu?$AAe?$AA?$AA@ 10021844     LIBCMT:nlsdata.obj
 0002:0000184c       ??_C@_17CJEDCEPE@?$AAW?$AAe?$AAd?$AA?$AA@ 1002184c     LIBCMT:nlsdata.obj
 0002:00001854       ??_C@_17PDPHAADD@?$AAT?$AAh?$AAu?$AA?$AA@ 10021854     LIBCMT:nlsdata.obj
 0002:0000185c       ??_C@_17HFOLPPLP@?$AAF?$AAr?$AAi?$AA?$AA@ 1002185c     LIBCMT:nlsdata.obj
 0002:00001864       ??_C@_17GGIBDPIH@?$AAS?$AAa?$AAt?$AA?$AA@ 10021864     LIBCMT:nlsdata.obj
 0002:0000186c       ??_C@_1O@IHNHDHPB@?$AAS?$AAu?$AAn?$AAd?$AAa?$AAy?$AA?$AA@ 1002186c     LIBCMT:nlsdata.obj
 0002:0000187c       ??_C@_1O@MMNBFLIA@?$AAM?$AAo?$AAn?$AAd?$AAa?$AAy?$AA?$AA@ 1002187c     LIBCMT:nlsdata.obj
 0002:0000188c       ??_C@_1BA@ENFBFFEK@?$AAT?$AAu?$AAe?$AAs?$AAd?$AAa?$AAy?$AA?$AA@ 1002188c     LIBCMT:nlsdata.obj
 0002:0000189c       ??_C@_1BE@EBOGMDOH@?$AAW?$AAe?$AAd?$AAn?$AAe?$AAs?$AAd?$AAa?$AAy?$AA?$AA@ 1002189c     LIBCMT:nlsdata.obj
 0002:000018b0       ??_C@_1BC@HHMNLIHE@?$AAT?$AAh?$AAu?$AAr?$AAs?$AAd?$AAa?$AAy?$AA?$AA@ 100218b0     LIBCMT:nlsdata.obj
 0002:000018c4       ??_C@_1O@PDICJHAG@?$AAF?$AAr?$AAi?$AAd?$AAa?$AAy?$AA?$AA@ 100218c4     LIBCMT:nlsdata.obj
 0002:000018d4       ??_C@_1BC@ENMNNPAJ@?$AAS?$AAa?$AAt?$AAu?$AAr?$AAd?$AAa?$AAy?$AA?$AA@ 100218d4     LIBCMT:nlsdata.obj
 0002:000018e8       ??_C@_17DKNBKCHM@?$AAJ?$AAa?$AAn?$AA?$AA@ 100218e8     LIBCMT:nlsdata.obj
 0002:000018f0       ??_C@_17LMDJEKJN@?$AAF?$AAe?$AAb?$AA?$AA@ 100218f0     LIBCMT:nlsdata.obj
 0002:000018f8       ??_C@_17CKNLEDEC@?$AAM?$AAa?$AAr?$AA?$AA@ 100218f8     LIBCMT:nlsdata.obj
 0002:00001900       ??_C@_17LFPOIHDD@?$AAA?$AAp?$AAr?$AA?$AA@ 10021900     LIBCMT:nlsdata.obj
 0002:00001908       ??_C@_17PNNKMEED@?$AAM?$AAa?$AAy?$AA?$AA@ 10021908     LIBCMT:nlsdata.obj
 0002:00001910       ??_C@_17KCJGOCPB@?$AAJ?$AAu?$AAn?$AA?$AA@ 10021910     LIBCMT:nlsdata.obj
 0002:00001918       ??_C@_17IJPCKHK@?$AAJ?$AAu?$AAl?$AA?$AA@ 10021918     LIBCMT:nlsdata.obj
 0002:00001920       ??_C@_17ICPELBCN@?$AAA?$AAu?$AAg?$AA?$AA@ 10021920     LIBCMT:nlsdata.obj
 0002:00001928       ??_C@_17HCHCOKMG@?$AAS?$AAe?$AAp?$AA?$AA@ 10021928     LIBCMT:nlsdata.obj
 0002:00001930       ??_C@_17FNLKOI@?$AAO?$AAc?$AAt?$AA?$AA@ 10021930     LIBCMT:nlsdata.obj
 0002:00001938       ??_C@_17BBDMLCIG@?$AAN?$AAo?$AAv?$AA?$AA@ 10021938     LIBCMT:nlsdata.obj
 0002:00001940       ??_C@_17EGKACKIF@?$AAD?$AAe?$AAc?$AA?$AA@ 10021940     LIBCMT:nlsdata.obj
 0002:00001948       ??_C@_1BA@EFMEIEBA@?$AAJ?$AAa?$AAn?$AAu?$AAa?$AAr?$AAy?$AA?$AA@ 10021948     LIBCMT:nlsdata.obj
 0002:00001958       ??_C@_1BC@JGDDFFAM@?$AAF?$AAe?$AAb?$AAr?$AAu?$AAa?$AAr?$AAy?$AA?$AA@ 10021958     LIBCMT:nlsdata.obj
 0002:0000196c       ??_C@_1M@IKEENEDF@?$AAM?$AAa?$AAr?$AAc?$AAh?$AA?$AA@ 1002196c     LIBCMT:nlsdata.obj
 0002:00001978       ??_C@_1M@GJNLMHFD@?$AAA?$AAp?$AAr?$AAi?$AAl?$AA?$AA@ 10021978     LIBCMT:nlsdata.obj
 0002:00001984       ??_C@_19EPFLPGAP@?$AAJ?$AAu?$AAn?$AAe?$AA?$AA@ 10021984     LIBCMT:nlsdata.obj
 0002:00001990       ??_C@_19BIFMLPCD@?$AAJ?$AAu?$AAl?$AAy?$AA?$AA@ 10021990     LIBCMT:nlsdata.obj
 0002:0000199c       ??_C@_1O@PAHLKOAC@?$AAA?$AAu?$AAg?$AAu?$AAs?$AAt?$AA?$AA@ 1002199c     LIBCMT:nlsdata.obj
 0002:000019ac       ??_C@_1BE@DKAAMBJL@?$AAS?$AAe?$AAp?$AAt?$AAe?$AAm?$AAb?$AAe?$AAr?$AA?$AA@ 100219ac     LIBCMT:nlsdata.obj
 0002:000019c0       ??_C@_1BA@EPANDLNG@?$AAO?$AAc?$AAt?$AAo?$AAb?$AAe?$AAr?$AA?$AA@ 100219c0     LIBCMT:nlsdata.obj
 0002:000019d0       ??_C@_1BC@BGLIFPF@?$AAN?$AAo?$AAv?$AAe?$AAm?$AAb?$AAe?$AAr?$AA?$AA@ 100219d0     LIBCMT:nlsdata.obj
 0002:000019e4       ??_C@_1BC@FEMKIFH@?$AAD?$AAe?$AAc?$AAe?$AAm?$AAb?$AAe?$AAr?$AA?$AA@ 100219e4     LIBCMT:nlsdata.obj
 0002:000019f8       ??_C@_15ODEHAHHF@?$AAA?$AAM?$AA?$AA@ 100219f8     LIBCMT:nlsdata.obj
 0002:00001a00       ??_C@_15CLMNNGEL@?$AAP?$AAM?$AA?$AA@ 10021a00     LIBCMT:nlsdata.obj
 0002:00001a08       ??_C@_1BC@IEBCMHCM@?$AAM?$AAM?$AA?1?$AAd?$AAd?$AA?1?$AAy?$AAy?$AA?$AA@ 10021a08     LIBCMT:nlsdata.obj
 0002:00001a1c       ??_C@_1CI@KNAKOEBC@?$AAd?$AAd?$AAd?$AAd?$AA?0?$AA?5?$AAM?$AAM?$AAM?$AAM?$AA?5?$AAd?$AAd?$AA?0?$AA?5?$AAy?$AAy?$AAy?$AAy?$AA?$AA@ 10021a1c     LIBCMT:nlsdata.obj
 0002:00001a44       ??_C@_1BC@GDGBMEMK@?$AAH?$AAH?$AA?3?$AAm?$AAm?$AA?3?$AAs?$AAs?$AA?$AA@ 10021a44     LIBCMT:nlsdata.obj
 0002:00001a58       ??_C@_1M@BMHNFIME@?$AAe?$AAn?$AA?9?$AAU?$AAS?$AA?$AA@ 10021a58     LIBCMT:nlsdata.obj
 0002:00001ae8       ??_C@_04FJHINJAO@tanh?$AA@ 10021ae8     LIBCMT:fpexcept.obj
 0002:00001af0       ??_C@_04FIHNOPOL@asin?$AA@ 10021af0     LIBCMT:fpexcept.obj
 0002:00001af8       ??_C@_04PDIFKINK@acos?$AA@ 10021af8     LIBCMT:fpexcept.obj
 0002:00001b00       ??_C@_04MLLJIGOK@atan?$AA@ 10021b00     LIBCMT:fpexcept.obj
 0002:00001b08       ??_C@_05KNGEOGJB@atan2?$AA@ 10021b08     LIBCMT:fpexcept.obj
 0002:00001b10       ??_C@_04EIAKFFMI@sqrt?$AA@ 10021b10     LIBCMT:fpexcept.obj
 0002:00001b18       ??_C@_03BLEJJJBH@sin?$AA@  10021b18     LIBCMT:fpexcept.obj
 0002:00001b1c       ??_C@_03LALBNOCG@cos?$AA@  10021b1c     LIBCMT:fpexcept.obj
 0002:00001b20       ??_C@_03IIINPABG@tan?$AA@  10021b20     LIBCMT:fpexcept.obj
 0002:00001b24       ??_C@_04GFPJNGEK@ceil?$AA@ 10021b24     LIBCMT:fpexcept.obj
 0002:00001b2c       ??_C@_05PBJFFIGL@floor?$AA@ 10021b2c     LIBCMT:fpexcept.obj
 0002:00001b34       ??_C@_04ODHECPBC@fabs?$AA@ 10021b34     LIBCMT:fpexcept.obj
 0002:00001b3c       ??_C@_04EHEDPDJG@modf?$AA@ 10021b3c     LIBCMT:fpexcept.obj
 0002:00001b44       ??_C@_05CEJMAHNP@ldexp?$AA@ 10021b44     LIBCMT:fpexcept.obj
 0002:00001b4c       ??_C@_05KBKMEMPO@_cabs?$AA@ 10021b4c     LIBCMT:fpexcept.obj
 0002:00001b54       ??_C@_06MEIMCGCF@_hypot?$AA@ 10021b54     LIBCMT:fpexcept.obj
 0002:00001b5c       ??_C@_04KEPJIHGP@fmod?$AA@ 10021b5c     LIBCMT:fpexcept.obj
 0002:00001b64       ??_C@_05GKKHEGJL@frexp?$AA@ 10021b64     LIBCMT:fpexcept.obj
 0002:00001b6c       ??_C@_03MJLDFKDL@_y0?$AA@  10021b6c     LIBCMT:fpexcept.obj
 0002:00001b70       ??_C@_03NAKIGLHK@_y1?$AA@  10021b70     LIBCMT:fpexcept.obj
 0002:00001b74       ??_C@_03ONILCKOB@_yn?$AA@  10021b74     LIBCMT:fpexcept.obj
 0002:00001b78       ??_C@_05JGDBENOH@_logb?$AA@ 10021b78     LIBCMT:fpexcept.obj
 0002:00001b80       ??_C@_0L@KDOEJCKC@_nextafter?$AA@ 10021b80     LIBCMT:fpexcept.obj
 0002:00001b8c       ??_C@_03KHJOGHMM@exp?$AA@  10021b8c     LIBCMT:fpexcept.obj
 0002:00001b90       ??_C@_03JGHBODFD@pow?$AA@  10021b90     LIBCMT:fpexcept.obj
 0002:00001b94       ??_C@_03MGHMBJCF@log?$AA@  10021b94     LIBCMT:fpexcept.obj
 0002:00001b98       ??_C@_05HGHHAHAP@log10?$AA@ 10021b98     LIBCMT:fpexcept.obj
 0002:00001ba0       ??_C@_04COOMCNPB@sinh?$AA@ 10021ba0     LIBCMT:fpexcept.obj
 0002:00001ba8       ??_C@_04HPJJNFIM@cosh?$AA@ 10021ba8     LIBCMT:fpexcept.obj
 0002:00001bb0       ??_C@_05KLBDPFGC@e?$CL000?$AA@ 10021bb0     LIBCMT:cvt.obj
 0002:00001bb8       ??_C@_1BK@GAEMIDIL@?$AAA?$AAD?$AAV?$AAA?$AAP?$AAI?$AA3?$AA2?$AA?4?$AAD?$AAL?$AAL?$AA?$AA@ 10021bb8     LIBCMT:rand_s.obj
 0002:00001bd4       ??_C@_1BG@GOEBHBDC@?$AAU?$AAS?$AAE?$AAR?$AA3?$AA2?$AA?4?$AAD?$AAL?$AAL?$AA?$AA@ 10021bd4     LIBCMT:crtmboxw.obj
 0002:00001bec       ??_C@_0M@DLDCCGNP@MessageBoxW?$AA@ 10021bec     LIBCMT:crtmboxw.obj
 0002:00001bf8       ??_C@_0BA@HNOPNCHB@GetActiveWindow?$AA@ 10021bf8     LIBCMT:crtmboxw.obj
 0002:00001c08       ??_C@_0BD@HHGDFDBJ@GetLastActivePopup?$AA@ 10021c08     LIBCMT:crtmboxw.obj
 0002:00001c1c       ??_C@_0BK@DEKFELLI@GetUserObjectInformationW?$AA@ 10021c1c     LIBCMT:crtmboxw.obj
 0002:00001c38       ??_C@_0BI@DFKBFLJE@GetProcessWindowStation?$AA@ 10021c38     LIBCMT:crtmboxw.obj
 0002:00001c74       ??_C@_0O@COHOBMLB@RegOpenKeyExW?$AA@ 10021c74     LIBCMT:pdblkup.obj
 0002:00001c84       ??_C@_0BB@GLNAEDBD@RegQueryValueExW?$AA@ 10021c84     LIBCMT:pdblkup.obj
 0002:00001c98       ??_C@_0M@HLOHPNFA@RegCloseKey?$AA@ 10021c98     LIBCMT:pdblkup.obj
 0002:00001ca8       ??_C@_1FM@EGIBBNPP@?$AAS?$AAO?$AAF?$AAT?$AAW?$AAA?$AAR?$AAE?$AA?2?$AAM?$AAi?$AAc?$AAr?$AAo?$AAs?$AAo?$AAf?$AAt?$AA?2?$AAV?$AAi?$AAs?$AAu?$AAa?$AAl?$AAS?$AAt?$AAu?$AAd?$AAi?$AAo?$AA?2@ 10021ca8     LIBCMT:pdblkup.obj
 0002:00001d04       ??_C@_1BG@EABPBLLF@?$AAP?$AAr?$AAo?$AAd?$AAu?$AAc?$AAt?$AAD?$AAi?$AAr?$AA?$AA@ 10021d04     LIBCMT:pdblkup.obj
 0002:00001d1c       ??_C@_0BB@KCIACLNC@PDBOpenValidate5?$AA@ 10021d1c     LIBCMT:pdblkup.obj
 0002:00001d30       ??_C@_01KDCPPGHE@r?$AA@    10021d30     LIBCMT:pdblkup.obj
 0002:00001d38       ___lookuptable_s           10021d38     LIBCMT:outputs.obj
 0002:00001d98       ___newctype                10021d98     LIBCMT:ctype.obj
 0002:00002098       __wctype                   10022098     LIBCMT:ctype.obj
 0002:000022a0       ___newclmap                100222a0     LIBCMT:ctype.obj
 0002:00002420       ___newcumap                10022420     LIBCMT:ctype.obj
 0002:000025a0       ??_C@_15PJPFLCCM@?$AAu?$AAk?$AA?$AA@ 100225a0     LIBCMT:getqloc.obj
 0002:000025a8       ___rg_language_count       100225a8     LIBCMT:getqloc.obj
 0002:000025ac       ___rg_country_count        100225ac     LIBCMT:getqloc.obj
 0002:000025b0       _LcidToLocaleNameTable     100225b0     LIBCMT:winapinls.obj
 0002:00002cd0       _LocaleNameToIndexTable    10022cd0     LIBCMT:winapinls.obj
 0002:000033f0       ??_C@_15EMKDOKLE@?$AAa?$AAr?$AA?$AA@ 100233f0     LIBCMT:winapinls.obj
 0002:000033f8       ??_C@_15KNPADPLH@?$AAb?$AAg?$AA?$AA@ 100233f8     LIBCMT:winapinls.obj
 0002:00003400       ??_C@_15EDMHLDMO@?$AAc?$AAa?$AA?$AA@ 10023400     LIBCMT:winapinls.obj
 0002:00003408       ??_C@_1O@BPEAJADD@?$AAz?$AAh?$AA?9?$AAC?$AAH?$AAS?$AA?$AA@ 10023408     LIBCMT:winapinls.obj
 0002:00003418       ??_C@_15LJNHCMNK@?$AAc?$AAs?$AA?$AA@ 10023418     LIBCMT:winapinls.obj
 0002:00003420       ??_C@_15FOMCIDHG@?$AAd?$AAa?$AA?$AA@ 10023420     LIBCMT:winapinls.obj
 0002:00003428       ??_C@_15NBKABECB@?$AAd?$AAe?$AA?$AA@ 10023428     LIBCMT:winapinls.obj
 0002:00003430       ??_C@_15GHPEIIAO@?$AAe?$AAl?$AA?$AA@ 10023430     LIBCMT:winapinls.obj
 0002:00003438       ??_C@_15MNPNEAIF@?$AAe?$AAn?$AA?$AA@ 10023438     LIBCMT:winapinls.obj
 0002:00003440       ??_C@_15GPIOMPMH@?$AAe?$AAs?$AA?$AA@ 10023440     LIBCMT:winapinls.obj
 0002:00003448       ??_C@_15NGLOAKJC@?$AAf?$AAi?$AA?$AA@ 10023448     LIBCMT:winapinls.obj
 0002:00003450       ??_C@_15FBKGNKAM@?$AAf?$AAr?$AA?$AA@ 10023450     LIBCMT:winapinls.obj
 0002:00003458       ??_C@_15KGGCNEFK@?$AAh?$AAe?$AA?$AA@ 10023458     LIBCMT:winapinls.obj
 0002:00003460       ??_C@_15PGHLIDMF@?$AAh?$AAu?$AA?$AA@ 10023460     LIBCMT:winapinls.obj
 0002:00003468       ??_C@_15BIEMAPLM@?$AAi?$AAs?$AA?$AA@ 10023468     LIBCMT:winapinls.obj
 0002:00003470       ??_C@_15IFJLDHAF@?$AAi?$AAt?$AA?$AA@ 10023470     LIBCMT:winapinls.obj
 0002:00003478       ??_C@_15GEMIOCAG@?$AAj?$AAa?$AA?$AA@ 10023478     LIBCMT:winapinls.obj
 0002:00003480       ??_C@_15EPELEGJA@?$AAk?$AAo?$AA?$AA@ 10023480     LIBCMT:winapinls.obj
 0002:00003488       ??_C@_15NDDHIMN@?$AAn?$AAl?$AA?$AA@ 10023488     LIBCMT:winapinls.obj
 0002:00003490       ??_C@_15BPIGNHCD@?$AAn?$AAo?$AA?$AA@ 10023490     LIBCMT:winapinls.obj
 0002:00003498       ??_C@_15DEOPBLCG@?$AAp?$AAl?$AA?$AA@ 10023498     LIBCMT:winapinls.obj
 0002:000034a0       ??_C@_15KBECGEFG@?$AAp?$AAt?$AA?$AA@ 100234a0     LIBCMT:winapinls.obj
 0002:000034a8       ??_C@_15GLJCBFMD@?$AAr?$AAo?$AA?$AA@ 100234a8     LIBCMT:winapinls.obj
 0002:000034b0       ??_C@_15FEDGKCDI@?$AAr?$AAu?$AA?$AA@ 100234b0     LIBCMT:winapinls.obj
 0002:000034b8       ??_C@_15GLKMLLHM@?$AAh?$AAr?$AA?$AA@ 100234b8     LIBCMT:winapinls.obj
 0002:000034c0       ??_C@_15CPKMFBDB@?$AAs?$AAk?$AA?$AA@ 100234c0     LIBCMT:winapinls.obj
 0002:000034c8       ??_C@_15BAAIOGMK@?$AAs?$AAq?$AA?$AA@ 100234c8     LIBCMT:winapinls.obj
 0002:000034d0       ??_C@_15INNPNOHD@?$AAs?$AAv?$AA?$AA@ 100234d0     LIBCMT:winapinls.obj
 0002:000034d8       ??_C@_15CABMMOGH@?$AAt?$AAh?$AA?$AA@ 100234d8     LIBCMT:winapinls.obj
 0002:000034e0       ??_C@_15BPLIHJJM@?$AAt?$AAr?$AA?$AA@ 100234e0     LIBCMT:winapinls.obj
 0002:000034e8       ??_C@_15NEOEKKDJ@?$AAu?$AAr?$AA?$AA@ 100234e8     LIBCMT:winapinls.obj
 0002:000034f0       ??_C@_15NFICGAJK@?$AAi?$AAd?$AA?$AA@ 100234f0     LIBCMT:winapinls.obj
 0002:000034f8       ??_C@_15HPJPHDM@?$AAb?$AAe?$AA?$AA@ 100234f8     LIBCMT:winapinls.obj
 0002:00003500       ??_C@_15LCHLGJII@?$AAs?$AAl?$AA?$AA@ 10023500     LIBCMT:winapinls.obj
 0002:00003508       ??_C@_15PCFJPHHO@?$AAe?$AAt?$AA?$AA@ 10023508     LIBCMT:winapinls.obj
 0002:00003510       ??_C@_15HPFPGODN@?$AAl?$AAv?$AA?$AA@ 10023510     LIBCMT:winapinls.obj
 0002:00003518       ??_C@_15NFFGKGLG@?$AAl?$AAt?$AA?$AA@ 10023518     LIBCMT:winapinls.obj
 0002:00003520       ??_C@_15BDAKCCHN@?$AAf?$AAa?$AA?$AA@ 10023520     LIBCMT:winapinls.obj
 0002:00003528       ??_C@_15NFGIAIAJ@?$AAv?$AAi?$AA?$AA@ 10023528     LIBCMT:winapinls.obj
 0002:00003530       ??_C@_15LMKNDMHN@?$AAh?$AAy?$AA?$AA@ 10023530     LIBCMT:winapinls.obj
 0002:00003538       ??_C@_15IJBHMCFL@?$AAa?$AAz?$AA?$AA@ 10023538     LIBCMT:winapinls.obj
 0002:00003540       ??_C@_15EKOFJABL@?$AAe?$AAu?$AA?$AA@ 10023540     LIBCMT:winapinls.obj
 0002:00003548       ??_C@_15BGHADCNK@?$AAm?$AAk?$AA?$AA@ 10023548     LIBCMT:winapinls.obj
 0002:00003550       ??_C@_15JDNICKHM@?$AAa?$AAf?$AA?$AA@ 10023550     LIBCMT:winapinls.obj
 0002:00003558       ??_C@_15KPJEDBKD@?$AAk?$AAa?$AA?$AA@ 10023558     LIBCMT:winapinls.obj
 0002:00003560       ??_C@_15PDNFFFEO@?$AAf?$AAo?$AA?$AA@ 10023560     LIBCMT:winapinls.obj
 0002:00003568       ??_C@_15OMLEGLOC@?$AAh?$AAi?$AA?$AA@ 10023568     LIBCMT:winapinls.obj
 0002:00003570       ??_C@_15IDNNENKK@?$AAm?$AAs?$AA?$AA@ 10023570     LIBCMT:winapinls.obj
 0002:00003578       ??_C@_15MACJNBMH@?$AAk?$AAk?$AA?$AA@ 10023578     LIBCMT:winapinls.obj
 0002:00003580       ??_C@_15DKDJEOND@?$AAk?$AAy?$AA?$AA@ 10023580     LIBCMT:winapinls.obj
 0002:00003588       ??_C@_15DFGDLJBG@?$AAs?$AAw?$AA?$AA@ 10023588     LIBCMT:winapinls.obj
[...]
 0002:00005037       $N00052                    10025037     libxbee3.exp
 0002:0000504b       $N00053                    1002504b     libxbee3.exp
 0002:00005059       $N00054                    10025059     libxbee3.exp
 0002:0000589e       .idata$6                   1002589e     kernel32:KERNEL32.dll
 0003:00000000       $SG85283                   10026000     conn.o
 0003:0000004c       $SG85284                   1002604c     conn.o
 0003:00000064       $SG85285                   10026064     conn.o
 0003:00000070       $SG85289                   10026070     conn.o
 0003:000000c4       $SG85290                   100260c4     conn.o
 0003:000000dc       $SG85291                   100260dc     conn.o
 0003:000000e4       $SG85309                   100260e4     conn.o
 0003:00000110       $SG85310                   10026110     conn.o
 0003:00000128       $SG85311                   10026128     conn.o
 0003:00000130       $SG85313                   10026130     conn.o
 0003:00000148       $SG84682                   10026148     conn.o
 0003:00000158       $SG84683                   10026158     conn.o
 0003:0000016c       $SG84684                   1002616c     conn.o
 0003:00000174       $SG84685                   10026174     conn.o
 0003:00000178       $SG84686                   10026178     conn.o
 0003:0000017c       $SG84687                   1002617c     conn.o
 0003:00000194       $SG84688                   10026194     conn.o
 0003:000001a8       $SG84689                   100261a8     conn.o
 0003:000001b0       $SG84691                   100261b0     conn.o
 0003:000001d0       $SG84692                   100261d0     conn.o
 0003:000001e4       $SG84693                   100261e4     conn.o
 0003:000001ec       $SG84695                   100261ec     conn.o
 0003:00000204       $SG84696                   10026204     conn.o
 0003:00000218       $SG84697                   10026218     conn.o
 0003:00000220       $SG84699                   10026220     conn.o
 0003:0000025c       $SG84700                   1002625c     conn.o
 0003:00000270       $SG84701                   10026270     conn.o
 0003:00000278       $SG84703                   10026278     conn.o
 0003:00000290       $SG84704                   10026290     conn.o
 0003:000002a4       $SG84705                   100262a4     conn.o
 0003:000002ac       $SG84707                   100262ac     conn.o
 0003:000002e0       $SG84708                   100262e0     conn.o
 0003:000002f4       $SG84709                   100262f4     conn.o
 0003:000002fc       $SG84711                   100262fc     conn.o
 0003:00000314       $SG84712                   10026314     conn.o
 0003:00000328       $SG84713                   10026328     conn.o
 0003:00000330       $SG84715                   10026330     conn.o
 0003:0000034c       $SG84716                   1002634c     conn.o
 0003:00000360       $SG84717                   10026360     conn.o
 0003:00000368       $SG84719                   10026368     conn.o
 0003:00000384       $SG84720                   10026384     conn.o
 0003:00000398       $SG84721                   10026398     conn.o
 0003:000003a0       $SG84723                   100263a0     conn.o
 0003:000003bc       $SG84724                   100263bc     conn.o
 0003:000003d0       $SG84725                   100263d0     conn.o
 0003:000003d8       $SG84727                   100263d8     conn.o
 0003:000003f4       $SG84728                   100263f4     conn.o
 0003:00000408       $SG84729                   10026408     conn.o
 0003:00000410       $SG84920                   10026410     conn.o
 0003:00000434       $SG84921                   10026434     conn.o
 0003:00000444       $SG84922                   10026444     conn.o
 0003:00000450       $SG83845                   10026450     error.o
 0003:00000464       $SG83851                   10026464     error.o
 0003:00000470       $SG83853                   10026470     error.o
 0003:00000484       $SG83855                   10026484     error.o
 0003:00000494       $SG83857                   10026494     error.o
 0003:000004a4       $SG83859                   100264a4     error.o
 0003:000004c0       $SG83861                   100264c0     error.o
 0003:000004dc       $SG83863                   100264dc     error.o
 0003:000004f4       $SG83865                   100264f4     error.o
 0003:00000510       $SG83867                   10026510     error.o
 0003:00000528       $SG83869                   10026528     error.o
 0003:00000540       $SG83871                   10026540     error.o
 0003:0000055c       $SG83873                   1002655c     error.o
 0003:0000056c       $SG83875                   1002656c     error.o
 0003:0000058c       $SG83877                   1002658c     error.o
 0003:000005b0       $SG83879                   100265b0     error.o
 0003:000005dc       $SG83881                   100265dc     error.o
 0003:000005f8       $SG83883                   100265f8     error.o
 0003:00000610       $SG83885                   10026610     error.o
 0003:00000624       $SG83887                   10026624     error.o
 0003:00000664       $SG83889                   10026664     error.o
 0003:0000068c       $SG83891                   1002668c     error.o
 0003:000006c0       $SG83893                   100266c0     error.o
 0003:000006e8       $SG83895                   100266e8     error.o
 0003:00000730       $SG83897                   10026730     error.o
 0003:00000768       $SG83899                   10026768     error.o
 0003:000007a0       $SG83901                   100267a0     error.o
 0003:000007c8       $SG83903                   100267c8     error.o
 0003:00000834       $SG83905                   10026834     error.o
 0003:00000860       $SG83907                   10026860     error.o
 0003:00000890       $SG83986                   10026890     log.o
 0003:00000894       $SG83995                   10026894     log.o
 0003:000008ac       $SG83998                   100268ac     log.o
 0003:000008c8       $SG84000                   100268c8     log.o
 0003:000008e8       $SG84024                   100268e8     log.o
 0003:000008f0       $SG84082                   100268f0     log.o
 0003:00000900       $SG84083                   10026900     log.o
 0003:00000910       $SG84084                   10026910     log.o
 0003:00000918       $SG84091                   10026918     log.o
 0003:00000920       $SG84095                   10026920     log.o
 0003:00000928       $SG84096                   10026928     log.o
 0003:00000940       $SG84097                   10026940     log.o
 0003:00000950       $SG84098                   10026950     log.o
 0003:00000958       $SG83933                   10026958     log.o
 0003:00000978       $SG83934                   10026978     log.o
 0003:0000098c       $SG83935                   1002698c     log.o
 0003:00000994       $SG83952                   10026994     log.o
 0003:000009ac       $SG83953                   100269ac     log.o
 0003:000009c0       $SG83954                   100269c0     log.o
 0003:000009c8       $SG84276                   100269c8     pkt.o
 0003:000009cc       $SG84364                   100269cc     pkt.o
 0003:000009d4       $SG84381                   100269d4     pkt.o
 0003:000009dc       $SG84393                   100269dc     pkt.o
 0003:000009e4       $SG84410                   100269e4     pkt.o
 0003:000009ec       $SG84325                   100269ec     prepare.o
 0003:00000a18       $SG84328                   10026a18     prepare.o
 0003:00000a44       $SG84331                   10026a44     prepare.o
 0003:00000a70       $SG84334                   10026a70     prepare.o
 0003:00000aa4       $SG84337                   10026aa4     prepare.o
 0003:00000ad4       $SG84340                   10026ad4     prepare.o
 0003:00000b00       ?logColor@?1??xbee_rxAlloc@@9@9 10026b00     rx.o
 0003:00000b04       $SG84469                   10026b04     rx.o
 0003:00000b30       $SG84470                   10026b30     rx.o
 0003:00000b38       $SG84471                   10026b38     rx.o
 0003:00000b40       $SG84498                   10026b40     rx.o
 0003:00000b80       $SG84499                   10026b80     rx.o
 0003:00000b90       $SG84500                   10026b90     rx.o
 0003:00000b98       $SG84502                   10026b98     rx.o
 0003:00000bf0       $SG84503                   10026bf0     rx.o
 0003:00000c00       $SG84504                   10026c00     rx.o
 0003:00000c08       $SG84514                   10026c08     rx.o
 0003:00000c34       $SG84515                   10026c34     rx.o
 0003:00000c44       $SG84516                   10026c44     rx.o
 0003:00000c4c       $SG84524                   10026c4c     rx.o
 0003:00000c80       $SG84525                   10026c80     rx.o
 0003:00000c90       $SG84526                   10026c90     rx.o
 0003:00000c98       $SG84531                   10026c98     rx.o
 0003:00000cc4       $SG84532                   10026cc4     rx.o
 0003:00000cd4       $SG84533                   10026cd4     rx.o
 0003:00000cdc       $SG84534                   10026cdc     rx.o
 0003:00000cfc       $SG84535                   10026cfc     rx.o
 0003:00000d0c       $SG84536                   10026d0c     rx.o
 0003:00000d14       $SG84537                   10026d14     rx.o
 0003:00000d34       $SG84538                   10026d34     rx.o
 0003:00000d44       $SG84539                   10026d44     rx.o
 0003:00000d4c       $SG84543                   10026d4c     rx.o
 0003:00000d7c       $SG84544                   10026d7c     rx.o
 0003:00000d8c       $SG84545                   10026d8c     rx.o
 0003:00000d94       $SG84547                   10026d94     rx.o
 0003:00000dac       $SG84548                   10026dac     rx.o
 0003:00000dbc       $SG84549                   10026dbc     rx.o
 0003:00000dc8       $SG84555                   10026dc8     rx.o
 0003:00000e14       $SG84556                   10026e14     rx.o
 0003:00000e24       $SG84557                   10026e24     rx.o
 0003:00000e30       $SG84247                   10026e30     thread.o
 0003:00000e58       $SG84248                   10026e58     thread.o
 0003:00000e64       $SG84249                   10026e64     thread.o
 0003:00000e70       $SG84252                   10026e70     thread.o
 0003:00000e98       $SG84253                   10026e98     thread.o
 0003:00000ea4       $SG84254                   10026ea4     thread.o
 0003:00000eb0       $SG84256                   10026eb0     thread.o
 0003:00000ee4       $SG84257                   10026ee4     thread.o
 0003:00000ef0       $SG84258                   10026ef0     thread.o
 0003:00000f00       $SG84262                   10026f00     thread.o
 0003:00000f58       $SG84263                   10026f58     thread.o
 0003:00000f64       $SG84264                   10026f64     thread.o
 0003:00000f70       $SG84267                   10026f70     thread.o
 0003:00000fa0       $SG84268                   10026fa0     thread.o
 0003:00000fac       $SG84269                   10026fac     thread.o
 0003:00000fb8       $SG84271                   10026fb8     thread.o
 0003:00000ff0       $SG84272                   10026ff0     thread.o
 0003:00000ffc       $SG84273                   10026ffc     thread.o
 0003:00001008       $SG84276                   10027008     thread.o
 0003:00001034       $SG84277                   10027034     thread.o
 0003:00001040       $SG84278                   10027040     thread.o
 0003:0000104c       $SG84344                   1002704c     thread.o
 0003:00001054       $SG84349                   10027054     thread.o
 0003:00001064       $SG84353                   10027064     thread.o
 0003:0000106c       $SG84417                   1002706c     thread.o
 0003:0000108c       $SG84418                   1002708c     thread.o
 0003:000010a4       $SG84419                   100270a4     thread.o
 0003:000010b0       ?logColor@?1??xbee_txAlloc@@9@9 100270b0     tx.o
 0003:000010b4       $SG84427                   100270b4     tx.o
 0003:000010d8       $SG84428                   100270d8     tx.o
 0003:000010e0       $SG84429                   100270e0     tx.o
 0003:000010e8       $SG84469                   100270e8     tx.o
 0003:00001140       $SG84470                   10027140     tx.o
 0003:00001150       $SG84471                   10027150     tx.o
 0003:00001158       $SG84598                   10027158     xbee.o
 0003:00001168       $SG84601                   10027168     xbee.o
 0003:00001170       $SG84602                   10027170     xbee.o
 0003:000011bc       $SG84643                   100271bc     xbee.o
 0003:000011c4       $SG84646                   100271c4     xbee.o
 0003:000011d4       $SG84649                   100271d4     xbee.o
 0003:000011dc       $SG84656                   100271dc     xbee.o
 0003:000011f0       $SG84684                   100271f0     xbee.o
 0003:00001204       $SG83974                   10027204     xsys.o
 0003:00001210       $SG83978                   10027210     xsys.o
 0003:00001228       $SG84287                   10027228     modes_common.o
 0003:00001248       $SG84288                   10027248     modes_common.o
 0003:00001258       $SG84289                   10027258     modes_common.o
 0003:00001268       $SG84294                   10027268     modes_common.o
 0003:000012a8       $SG84295                   100272a8     modes_common.o
 0003:000012b8       $SG84296                   100272b8     modes_common.o
 0003:000012c8       $SG84303                   100272c8     modes_common.o
 0003:00001328       $SG84304                   10027328     modes_common.o
 0003:00001338       $SG84305                   10027338     modes_common.o
 0003:00001348       $SG84309                   10027348     modes_common.o
 0003:0000135c       $SG84310                   1002735c     modes_common.o
 0003:0000136c       $SG84311                   1002736c     modes_common.o
 0003:00001400       $SG84239                   10027400     modes_xbee5_at.o
 0003:00001404       $SG84290                   10027404     modes_xbee5_at.o
 0003:00001410       $SG84297                   10027410     modes_xbee5_at.o
 0003:00001460       $SG84205                   10027460     modes_xbee5_data.o
 0003:000014a8       $SG84211                   100274a8     modes_xbee5_dataExp.o
 0003:000014f8       $SG84166                   100274f8     modes_xbee5_identify.o
 0003:0000150c       $SG84170                   1002750c     modes_xbee5_identify.o
 0003:00001514       $SG84173                   10027514     modes_xbee5_identify.o
 0003:00001518       $SG84180                   10027518     modes_xbee5_identify.o
 0003:00001528       $SG84217                   10027528     modes_xbee5_io.o
 0003:0000156c       $SG84218                   1002756c     modes_xbee5_io.o
 0003:00001584       $SG84219                   10027584     modes_xbee5_io.o
 0003:00001598       $SG84226                   10027598     modes_xbee5_io.o
 0003:000015d8       $SG84227                   100275d8     modes_xbee5_io.o
 0003:000015f0       $SG84228                   100275f0     modes_xbee5_io.o
 0003:00001648       $SG84319                   10027648     modes_xbee5_mode.o
 0003:00001698       $SG84350                   10027698     modes_xbee5_mode.o
 0003:000016a8       _conTypes                  100276a8     modes_xbee5_mode.o
 0003:000016c8       $SG84355                   100276c8     modes_xbee5_mode.o
 0003:000016d0       _errtable                  100276d0     LIBCMT:dosmap.obj
 0003:00001838       _ErrnoNoMem                10027838     LIBCMT:dosmap.obj
 0003:0000183c       _DoserrorNoMem             1002783c     LIBCMT:dosmap.obj
 0003:00001af4       ?isPackaged@?1??__crtIsPackagedApp@@9@9 10027af4     LIBCMT:winapisupp.obj
 0003:00001af8       __locktable                10027af8     LIBCMT:mlock.obj
 0003:000020a8       ___rgctypeflag             100280a8     LIBCMT:mbctype.obj
 0003:000020b0       ___rgcode_page_info        100280b0     LIBCMT:mbctype.obj
 0003:000023cc       __ctype_loc_style          100283cc     LIBCMT:wsetloca.obj
 0003:000023d0       ?_names@?1??_get_fname@@9@9 100283d0     LIBCMT:fpexcept.obj
 0003:00002570       _over                      10028570     LIBCMT:fpctrl.obj
 0003:0000257c       _under                     1002857c     LIBCMT:fpctrl.obj
 0003:00002588       ?__DAZ_ENABLED@?1??__set_fpsr_sse2@@9@9 10028588     LIBCMT:fpctrl.obj
 0003:000026a0       _DoubleFormat              100286a0     LIBCMT:intrncvt.obj
 0003:000026b8       _FloatFormat               100286b8     LIBCMT:intrncvt.obj
 0003:000029a4       ?truncLen@?1??_xbee_logWrite@@9@9 100289a4     log.o
 0003:000029a8       $SG84047                   100289a8     log.o
 0003:000029c0       ?initialized@?1??clock_gettime@@9@9 100289c0     xsys.o
 0003:000029c4       ?usePerformanceCounter@?1??clock_gettime@@9@9 100289c4     xsys.o
 0003:000029d8       ?offset@?1??clock_gettime@@9@9 100289d8     xsys.o
 0003:000029e0       ?frequencyToMicroseconds@?1??clock_gettime@@9@9 100289e0     xsys.o
 0003:000029e8       _GS_ExceptionRecord        100289e8     LIBCMT:gs_report.obj
 0003:00002a38       _GS_ContextRecord          10028a38     LIBCMT:gs_report.obj
 0003:00002d04       _DebuggerWasPresent        10028d04     LIBCMT:gs_report.obj
 0003:00002d08       ?s_roinit@?1??_initMTAoncurrentthread@@9@9 10028d08     LIBCMT:threadex.obj
 0003:00002d0c       ?s_initialized@?1??_initMTAoncurrentthread@@9@9 10028d0c     LIBCMT:threadex.obj
 0003:00002d10       ?s_rouninit@?1??_uninitMTAoncurrentthread@@9@9 10028d10     LIBCMT:threadex.obj
 0003:00002d14       ?s_initialized@?1??_uninitMTAoncurrentthread@@9@9 10028d14     LIBCMT:threadex.obj
 0003:00002d20       ___proc_attached           10028d20     LIBCMT:dllcrt0.obj
 0003:00002d78       ?outmsg@?8??_NMSG_WRITE@@9@9 10028d78     LIBCMT:crt0msg.obj
 0003:000033b0       __RTC_ErrorReportFunc      100293b0     LIBCMT:userapi.obj
 0003:000033b4       __RTC_ErrorReportFuncW     100293b4     LIBCMT:userapi.obj
 0003:000033b8       _lclcritsects              100293b8     LIBCMT:mlock.obj
 0003:00003610       _ctrlc_action              10029610     LIBCMT:winsig.obj
 0003:00003614       _ctrlbreak_action          10029614     LIBCMT:winsig.obj
 0003:00003618       _abort_action              10029618     LIBCMT:winsig.obj
 0003:0000361c       _term_action               1002961c     LIBCMT:winsig.obj
 0003:00003620       _ConsoleCtrlHandler_Installed 10029620     LIBCMT:winsig.obj
 0003:00003640       _fSystemSet                10029640     LIBCMT:mbctype.obj
 0003:00003648       ?_pgmname@?1??_setargv@@9@9 10029648     LIBCMT:stdargv.obj
 0003:00003758       _g_pfnRtlGenRandom         10029758     LIBCMT:rand_s.obj
 0003:00003760       ?pfnMessageBox@?1??__crtMessageBoxW@@9@9 10029760     LIBCMT:crtmboxw.obj
 0003:00003764       ?pfnGetActiveWindow@?1??__crtMessageBoxW@@9@9 10029764     LIBCMT:crtmboxw.obj
 0003:00003768       ?pfnGetLastActivePopup@?1??__crtMessageBoxW@@9@9 10029768     LIBCMT:crtmboxw.obj
 0003:0000376c       ?pfnGetProcessWindowStation@?1??__crtMessageBoxW@@9@9 1002976c     LIBCMT:crtmboxw.obj
 0003:00003770       ?pfnGetUserObjectInformation@?1??__crtMessageBoxW@@9@9 10029770     LIBCMT:crtmboxw.obj
 0003:00003774       _mspdb                     10029774     LIBCMT:pdblkup.obj
 0003:00003778       ?alreadyTried@?1??GetPdbDll@@YAPAUHINSTANCE__@@XZ@4_NA 10029778     LIBCMT:pdblkup.obj
 0003:00003779       ?PDBOK@?BM@??_RTC_GetSrcLine@@YAHPAEPA_WKPAH1K@Z@4_NA 10029779     LIBCMT:pdblkup.obj
 0003:0000377c       ___enable_percent_n        1002977c     LIBCMT:printf.obj
 0003:00003788       ___crtCallProc             10029788     LIBCMT:winapinls.obj
 0004:00000060       $R000000                   1002b060     win32.res
